[{"stream_name":"stderr","time":8.627153273,"data":"0.00s - Debugger warning: It seems that frozen modules are being used, which may\n"}
,{"stream_name":"stderr","time":8.627248514,"data":"0.00s - make the debugger miss breakpoints. Please pass -Xfrozen_modules=off\n"}
,{"stream_name":"stderr","time":8.627258316,"data":"0.00s - to python to disable frozen modules.\n"}
,{"stream_name":"stderr","time":8.627264126,"data":"0.00s - Note: Debugging will proceed. Set PYDEVD_DISABLE_FILE_VALIDATION=1 to disable this validation.\n"}
,{"stream_name":"stderr","time":9.452491935,"data":"0.00s - Debugger warning: It seems that frozen modules are being used, which may\n"}
,{"stream_name":"stderr","time":9.452531369999999,"data":"0.00s - make the debugger miss breakpoints. Please pass -Xfrozen_modules=off\n"}
,{"stream_name":"stderr","time":9.452541007,"data":"0.00s - to python to disable frozen modules.\n"}
,{"stream_name":"stderr","time":9.452544147,"data":"0.00s - Note: Debugging will proceed. Set PYDEVD_DISABLE_FILE_VALIDATION=1 to disable this validation.\n"}
,{"stream_name":"stdout","time":428.205533134,"data":"REPO = /kaggle/input/datasets/pilkwang/biohub-tracking-support-pack-50ep-v1/repo\n"}
,{"stream_name":"stdout","time":432.345903643,"data":"Dependency check failed: {'tracksdata': \"ModuleNotFoundError: No module named 'tracksdata'\", 'geff': \"ModuleNotFoundError: No module named 'geff'\", 'geff_spec': \"ModuleNotFoundError: No module named 'geff_spec'\", 'zarr': \"ModuleNotFoundError: No module named 'zarr'\", 'pyscipopt': \"ModuleNotFoundError: No module named 'pyscipopt'\", 'ilpy': \"ModuleNotFoundError: No module named 'ilpy'\", 'donfig': \"ModuleNotFoundError: No module named 'donfig'\", 'numcodecs': \"ModuleNotFoundError: No module named 'numcodecs'\", 'imagecodecs': \"ModuleNotFoundError: No module named 'imagecodecs'\", 'rustworkx': \"ModuleNotFoundError: No module named 'rustworkx'\", 'polars': 'polars 1.35.2 unusable (old or binary missing)'}\n"}
,{"stream_name":"stdout","time":632.368165964,"data":"Installing from offline wheels: [PosixPath('/kaggle/input/datasets/pilkwang/biohub-tracking-support-pack-50ep-v1/wheels')]\n"}
,{"stream_name":"stdout","time":643.455361537,"data":"dy satisfied: dask in /usr/local/lib/python3.12/dist-packages (2026.3.0)\n"}
,{"stream_name":"stdout","time":643.455412471,"data":"Processing /kaggle/input/datasets/pilkwang/biohub-tracking-support-pack-50ep-v1/wheels/imagecodecs-2026.6.26-cp312-abi3-manylinux_2_28_x86_64.whl\n"}
,{"stream_name":"stdout","time":643.455421138,"data":"Requirement already satisfied: scikit-image\u003e=0.24 in /usr/local/lib/python3.12/dist-packages (0.25.2)\n"}
,{"stream_name":"stdout","time":643.455427994,"data":"Requirement already satisfied: pyarrow in /usr/local/lib/python3.12/dist-packages (24.0.0)\n"}
,{"stream_name":"stdout","time":643.455433898,"data":"Processing /kaggle/input/datasets/pilkwang/biohub-tracking-support-pack-50ep-v1/wheels/rustworkx-0.18.0-cp310-abi3-manylinux2014_x86_64.manylinux_2_17_x86_64.whl\n"}
,{"stream_name":"stdout","time":643.455439804,"data":"Requirement already satisfied: sqlalchemy\u003e=2 in /usr/local/lib/python3.12/dist-packages (2.0.49)\n"}
,{"stream_name":"stdout","time":643.455445655,"data":"Processing /kaggle/input/datasets/pilkwang/biohub-tracking-support-pack-50ep-v1/wheels/numcodecs-0.15.1-cp312-cp312-manylinux_2_17_x86_64.manylinux2014_x86_64.whl\n"}
,{"stream_name":"stdout","time":643.45545186,"data":"Processing /kaggle/input/datasets/pilkwang/biohub-tracking-support-pack-50ep-v1/wheels/donfig-0.8.1.post1-py3-none-any.whl\n"}
,{"stream_name":"stdout","time":643.455457945,"data":"Requirement already satisfied: google-crc32c\u003e=1.5 in /usr/local/lib/python3.12/dist-packages (1.8.0)\n"}
,{"stream_name":"stdout","time":643.455463637,"data":"Processing /kaggle/input/datasets/pilkwang/biohub-tracking-support-pack-50ep-v1/wheels/bidict-0.23.1-py3-none-any.whl\n"}
,{"stream_name":"stdout","time":643.455490006,"data":"Requirement already satisfied: psygnal\u003e=0.14 in /usr/local/lib/python3.12/dist-packages (0.15.1)\n"}
,{"stream_name":"stdout","time":643.455495627,"data":"Requirement already satisfied: rich in /usr/local/lib/python3.12/dist-packages (13.9.4)\n"}
,{"stream_name":"stdout","time":643.455500121,"data":"Requirement already satisfied: networkx\u003e=3.2.1 in /usr/local/lib/python3.12/dist-packages (3.6.1)\n"}
,{"stream_name":"stdout","time":643.455504609,"data":"Requirement already satisfied: pydantic\u003e=2.11 in /usr/local/lib/python3.12/dist-packages (2.12.3)\n"}
,{"stream_name":"stdout","time":643.455509136,"data":"Requirement already satisfied: pydantic-core in /usr/local/lib/python3.12/dist-packages (2.41.4)\n"}
,{"stream_name":"stdout","time":643.455513566,"data":"Requirement already satisfied: annotated-types in /usr/local/lib/python3.12/dist-packages (0.7.0)\n"}
,{"stream_name":"stdout","time":643.455517775,"data":"Requirement already satisfied: typing-extensions\u003e=4.13 in /usr/local/lib/python3.12/dist-packages (4.15.0)\n"}
,{"stream_name":"stdout","time":643.455522198,"data":"Requirement already satisfied: typing-inspection in /usr/local/lib/python3.12/dist-packages (0.4.2)\n"}
,{"stream_name":"stdout","time":643.455527826,"data":"Requirement already satisfied: markdown-it-py in /usr/local/lib/python3.12/dist-packages (4.0.0)\n"}
,{"stream_name":"stdout","time":643.455532516,"data":"Requirement already satisfied: pygments in /usr/local/lib/python3.12/dist-packages (2.20.0)\n"}
,{"stream_name":"stdout","time":643.455536829,"data":"Requirement already satisfied: click in /usr/local/lib/python3.12/dist-packages (8.3.3)\n"}
,{"stream_name":"stdout","time":643.455540833,"data":"Requirement already satisfied: cloudpickle in /usr/local/lib/python3.12/dist-packages (3.1.2)\n"}
,{"stream_name":"stdout","time":643.455545447,"data":"Requirement already satisfied: fsspec in /usr/local/lib/python3.12/dist-packages (2025.3.0)\n"}
,{"stream_name":"stdout","time":643.455550174,"data":"Requirement already satisfied: partd in /usr/local/lib/python3.12/dist-packages (1.4.2)\n"}
,{"stream_name":"stdout","time":643.455554555,"data":"Requirement already satisfied: locket in /usr/local/lib/python3.12/dist-packages (1.0.0)\n"}
,{"stream_name":"stdout","time":643.455558663,"data":"Requirement already satisfied: toolz in /usr/local/lib/python3.12/dist-packages (0.12.1)\n"}
,{"stream_name":"stdout","time":643.455562964,"data":"Requirement already satisfied: pyyaml in /usr/local/lib/python3.12/dist-packages (6.0.3)\n"}
,{"stream_name":"stdout","time":643.455567356,"data":"Requirement already satisfied: ndindex in /usr/local/lib/python3.12/dist-packages (1.10.1)\n"}
,{"stream_name":"stdout","time":643.45557166,"data":"Requirement already satisfied: msgpack in /usr/local/lib/python3.12/dist-packages (1.1.2)\n"}
,{"stream_name":"stdout","time":643.455575949,"data":"Requirement already satisfied: numexpr in /usr/local/lib/python3.12/dist-packages (2.14.1)\n"}
,{"stream_name":"stdout","time":643.455580239,"data":"Requirement already satisfied: deprecated in /usr/local/lib/python3.12/dist-packages (1.3.1)\n"}
,{"stream_name":"stdout","time":643.455584672,"data":"Requirement already satisfied: wrapt in /usr/local/lib/python3.12/dist-packages (2.1.2)\n"}
,{"stream_name":"stdout","time":643.455589051,"data":"Installing collected packages: zarr, tracksdata, rustworkx, pyscipopt, polars-runtime-32, polars, numcodecs, imagecodecs, ilpy, geff-spec, geff, donfig, bidict\n"}
,{"stream_name":"stdout","time":643.455593719,"data":"  Attempting uninstall: polars-runtime-32\n"}
,{"stream_name":"stdout","time":643.455597721,"data":"    Found existing installation: polars-runtime-32 1.35.2\n"}
,{"stream_name":"stdout","time":643.455606869,"data":"    Uninstalling polars-runtime-32-1.35.2:\n"}
,{"stream_name":"stdout","time":643.455611192,"data":"      Successfully uninstalled polars-runtime-32-1.35.2\n"}
,{"stream_name":"stdout","time":643.455615369,"data":"  Attempting uninstall: polars\n"}
,{"stream_name":"stdout","time":643.455619863,"data":"    Found existing installation: polars 1.35.2\n"}
,{"stream_name":"stdout","time":643.455624743,"data":"    Uninstalling polars-1.35.2:\n"}
,{"stream_name":"stdout","time":643.455628667,"data":"      Successfully uninstalled polars-1.35.2\n"}
,{"stream_name":"stdout","time":643.455632917,"data":"Successfully installed bidict-0.23.1 donfig-0.8.1.post1 geff-1.2.0.1.1 geff-spec-1.1.1 ilpy-0.6.0 imagecodecs-2026.6.26 numcodecs-0.15.1 polars-1.42.0 polars-runtime-32-1.42.0 pyscipopt-6.2.1 rustworkx-0.18.0 tracksdata-0.1.0rc6.dev3+g980c2d30a zarr-3.2.1\n"}
,{"stream_name":"stdout","time":643.455644893,"data":"\n"}
,{"stream_name":"stdout","time":650.516879524,"data":"tracksdata 0.1.0rc6.dev3+g980c2d30a | geff 1.2.0.1.1 | zarr 3.2.1 | polars 1.42.0 (binary OK)\n"}
,{"stream_name":"stderr","time":987.305244831,"data":"Traceback (most recent call last):\n"}
,{"stream_name":"stderr","time":987.305446377,"data":"  File \"\u003cstring\u003e\", line 1, in \u003cmodule\u003e\n"}
,{"stream_name":"stderr","time":987.305456413,"data":"  File \"/usr/local/lib/python3.12/dist-packages/papermill/execute.py\", line 131, in execute_notebook\n"}
,{"stream_name":"stderr","time":987.305469663,"data":"    raise_for_execution_errors(nb, output_path)\n"}
,{"stream_name":"stderr","time":987.30654962,"data":"  File \"/usr/local/lib/python3.12/dist-packages/papermill/execute.py\", line 251, in raise_for_execution_errors\n"}
,{"stream_name":"stderr","time":987.306577119,"data":"    raise error\n"}
,{"stream_name":"stderr","time":987.306583031,"data":"papermill.exceptions.PapermillExecutionError: \n"}
,{"stream_name":"stderr","time":987.306588391,"data":"---------------------------------------------------------------------------\n"}
,{"stream_name":"stderr","time":987.306593633,"data":"Exception encountered at \"In [3]\":\n"}
,{"stream_name":"stderr","time":987.306598884,"data":"---------------------------------------------------------------------------\n"}
,{"stream_name":"stderr","time":987.306604469,"data":"RuntimeError                              Traceback (most recent call last)\n"}
,{"stream_name":"stderr","time":987.306609699,"data":"/tmp/ipykernel_16/2385762441.py in \u003ccell line: 0\u003e()\n"}
,{"stream_name":"stderr","time":987.306615279,"data":"      3 from pathlib import Path\n"}
,{"stream_name":"stderr","time":987.30662055,"data":"      4 \n"}
,{"stream_name":"stderr","time":987.306631965,"data":"----\u003e 5 payload = run()\n"}
,{"stream_name":"stderr","time":987.306635865,"data":"      6 print(json.dumps({\n"}
,{"stream_name":"stderr","time":987.306639828,"data":"      7     'gate': payload['metrics']['oracle_gate_passed'],\n"}
,{"stream_name":"stderr","time":987.306643531,"data":"\n"}
,{"stream_name":"stderr","time":987.306647042,"data":"/tmp/ipykernel_16/3226057721.py in run(search_root, output_path)\n"}
,{"stream_name":"stderr","time":987.306650693,"data":"    391             raise RuntimeError(f\"Candidate export is empty for {name}\")\n"}
,{"stream_name":"stderr","time":987.306654369,"data":"    392         if invalid_endpoint_rows:\n"}
,{"stream_name":"stderr","time":987.306657918,"data":"--\u003e 393             raise RuntimeError(\n"}
,{"stream_name":"stderr","time":987.306661499,"data":"    394                 f\"Candidate/prediction node-id mismatch for {name}: \"\n"}
,{"stream_name":"stderr","time":987.306677462,"data":"    395                 f\"{invalid_endpoint_rows}/{candidate_row_count} rows have unknown endpoints\"\n"}
,{"stream_name":"stderr","time":987.306689273,"data":"\n"}
,{"stream_name":"stderr","time":987.30669205,"data":"RuntimeError: Candidate/prediction node-id mismatch for 44b6_c15fded2: 6162/63072 rows have unknown endpoints\n"}
,{"stream_name":"stderr","time":987.306695082,"data":"\n"}
,{"stream_name":"stderr","time":990.328027904,"data":"/usr/local/lib/python3.12/dist-packages/mistune.py:435: SyntaxWarning: invalid escape sequence '\\|'\n"}
,{"stream_name":"stderr","time":990.328079383,"data":"  cells[i][c] = re.sub('\\\\\\\\\\|', '|', cell)\n"}
,{"stream_name":"stderr","time":990.539657341,"data":"/usr/local/lib/python3.12/dist-packages/nbconvert/filters/filter_links.py:36: SyntaxWarning: invalid escape sequence '\\_'\n"}
,{"stream_name":"stderr","time":990.539692666,"data":"  text = re.sub(r'_', '\\_', text) # Escape underscores in display text\n"}
,{"stream_name":"stderr","time":991.495653196,"data":"[NbConvertApp] Converting notebook __notebook__.ipynb to notebook\n"}
,{"stream_name":"stderr","time":991.890866241,"data":"[NbConvertApp] Writing 49399 bytes to __notebook__.ipynb\n"}
,{"stream_name":"stderr","time":995.512542589,"data":"[NbConvertApp] Converting notebook __notebook__.ipynb to html\n"}
,{"stream_name":"stderr","time":996.744588991,"data":"[NbConvertApp] Writing 428058 bytes to __results__.html\n"}
]