[{"stream_name":"stderr","time":7.214567153,"data":"/usr/local/lib/python3.12/dist-packages/nbformat/__init__.py:96: MissingIDFieldWarning: Cell is missing an id field, this will become a hard error in future nbformat versions. You may want to use `normalize()` on your notebooks before validations (available since nbformat 5.1.4). Previous versions of nbformat are fixing this issue transparently, and will stop doing so in the future.\n"}
,{"stream_name":"stderr","time":7.214630253,"data":"  validate(nb)\n"}
,{"stream_name":"stderr","time":8.281312315,"data":"0.00s - Debugger warning: It seems that frozen modules are being used, which may\n"}
,{"stream_name":"stderr","time":8.281346256,"data":"0.00s - make the debugger miss breakpoints. Please pass -Xfrozen_modules=off\n"}
,{"stream_name":"stderr","time":8.281352898,"data":"0.00s - to python to disable frozen modules.\n"}
,{"stream_name":"stderr","time":8.281358036,"data":"0.00s - Note: Debugging will proceed. Set PYDEVD_DISABLE_FILE_VALIDATION=1 to disable this validation.\n"}
,{"stream_name":"stderr","time":9.100705,"data":"0.00s - Debugger warning: It seems that frozen modules are being used, which may\n"}
,{"stream_name":"stderr","time":9.100743904,"data":"0.00s - make the debugger miss breakpoints. Please pass -Xfrozen_modules=off\n"}
,{"stream_name":"stderr","time":9.100749749,"data":"0.00s - to python to disable frozen modules.\n"}
,{"stream_name":"stderr","time":9.10075493,"data":"0.00s - Note: Debugging will proceed. Set PYDEVD_DISABLE_FILE_VALIDATION=1 to disable this validation.\n"}
,{"stream_name":"stdout","time":339.901784566,"data":"REPO = /kaggle/input/datasets/pilkwang/biohub-tracking-support-pack-50ep-v1/repo\n"}
,{"stream_name":"stdout","time":343.93922573,"data":"Dependency check failed: {'tracksdata': \"ModuleNotFoundError: No module named 'tracksdata'\", 'geff': \"ModuleNotFoundError: No module named 'geff'\", 'geff_spec': \"ModuleNotFoundError: No module named 'geff_spec'\", 'zarr': \"ModuleNotFoundError: No module named 'zarr'\", 'pyscipopt': \"ModuleNotFoundError: No module named 'pyscipopt'\", 'ilpy': \"ModuleNotFoundError: No module named 'ilpy'\", 'donfig': \"ModuleNotFoundError: No module named 'donfig'\", 'numcodecs': \"ModuleNotFoundError: No module named 'numcodecs'\", 'imagecodecs': \"ModuleNotFoundError: No module named 'imagecodecs'\", 'rustworkx': \"ModuleNotFoundError: No module named 'rustworkx'\", 'polars': 'polars 1.35.2 unusable (old or binary missing)'}\n"}
,{"stream_name":"stdout","time":480.306082991,"data":"Installing from offline wheels: [PosixPath('/kaggle/input/datasets/pilkwang/biohub-tracking-support-pack-50ep-v1/wheels')]\n"}
,{"stream_name":"stdout","time":492.951998401,"data":"dy satisfied: dask in /usr/local/lib/python3.12/dist-packages (2026.3.0)\n"}
,{"stream_name":"stdout","time":492.952074211,"data":"Processing /kaggle/input/datasets/pilkwang/biohub-tracking-support-pack-50ep-v1/wheels/imagecodecs-2026.6.26-cp312-abi3-manylinux_2_28_x86_64.whl\n"}
,{"stream_name":"stdout","time":492.952081352,"data":"Requirement already satisfied: scikit-image\u003e=0.24 in /usr/local/lib/python3.12/dist-packages (0.25.2)\n"}
,{"stream_name":"stdout","time":492.952086015,"data":"Requirement already satisfied: pyarrow in /usr/local/lib/python3.12/dist-packages (24.0.0)\n"}
,{"stream_name":"stdout","time":492.95209019,"data":"Processing /kaggle/input/datasets/pilkwang/biohub-tracking-support-pack-50ep-v1/wheels/rustworkx-0.18.0-cp310-abi3-manylinux2014_x86_64.manylinux_2_17_x86_64.whl\n"}
,{"stream_name":"stdout","time":492.952094217,"data":"Requirement already satisfied: sqlalchemy\u003e=2 in /usr/local/lib/python3.12/dist-packages (2.0.49)\n"}
,{"stream_name":"stdout","time":492.95209837,"data":"Processing /kaggle/input/datasets/pilkwang/biohub-tracking-support-pack-50ep-v1/wheels/numcodecs-0.15.1-cp312-cp312-manylinux_2_17_x86_64.manylinux2014_x86_64.whl\n"}
,{"stream_name":"stdout","time":492.952140969,"data":"Processing /kaggle/input/datasets/pilkwang/biohub-tracking-support-pack-50ep-v1/wheels/donfig-0.8.1.post1-py3-none-any.whl\n"}
,{"stream_name":"stdout","time":492.952149398,"data":"Requirement already satisfied: google-crc32c\u003e=1.5 in /usr/local/lib/python3.12/dist-packages (1.8.0)\n"}
,{"stream_name":"stdout","time":492.952154683,"data":"Processing /kaggle/input/datasets/pilkwang/biohub-tracking-support-pack-50ep-v1/wheels/bidict-0.23.1-py3-none-any.whl\n"}
,{"stream_name":"stdout","time":492.95215979,"data":"Requirement already satisfied: psygnal\u003e=0.14 in /usr/local/lib/python3.12/dist-packages (0.15.1)\n"}
,{"stream_name":"stdout","time":492.952164792,"data":"Requirement already satisfied: rich in /usr/local/lib/python3.12/dist-packages (13.9.4)\n"}
,{"stream_name":"stdout","time":492.952169668,"data":"Requirement already satisfied: networkx\u003e=3.2.1 in /usr/local/lib/python3.12/dist-packages (3.6.1)\n"}
,{"stream_name":"stdout","time":492.952174562,"data":"Requirement already satisfied: pydantic\u003e=2.11 in /usr/local/lib/python3.12/dist-packages (2.12.3)\n"}
,{"stream_name":"stdout","time":492.952179505,"data":"Requirement already satisfied: pydantic-core in /usr/local/lib/python3.12/dist-packages (2.41.4)\n"}
,{"stream_name":"stdout","time":492.952184454,"data":"Requirement already satisfied: annotated-types in /usr/local/lib/python3.12/dist-packages (0.7.0)\n"}
,{"stream_name":"stdout","time":492.952189365,"data":"Requirement already satisfied: typing-extensions\u003e=4.13 in /usr/local/lib/python3.12/dist-packages (4.15.0)\n"}
,{"stream_name":"stdout","time":492.952194335,"data":"Requirement already satisfied: typing-inspection in /usr/local/lib/python3.12/dist-packages (0.4.2)\n"}
,{"stream_name":"stdout","time":492.952200798,"data":"Requirement already satisfied: markdown-it-py in /usr/local/lib/python3.12/dist-packages (4.0.0)\n"}
,{"stream_name":"stdout","time":492.952204485,"data":"Requirement already satisfied: pygments in /usr/local/lib/python3.12/dist-packages (2.20.0)\n"}
,{"stream_name":"stdout","time":492.952207752,"data":"Requirement already satisfied: click in /usr/local/lib/python3.12/dist-packages (8.3.3)\n"}
,{"stream_name":"stdout","time":492.952210909,"data":"Requirement already satisfied: cloudpickle in /usr/local/lib/python3.12/dist-packages (3.1.2)\n"}
,{"stream_name":"stdout","time":492.952215363,"data":"Requirement already satisfied: fsspec in /usr/local/lib/python3.12/dist-packages (2025.3.0)\n"}
,{"stream_name":"stdout","time":492.952220133,"data":"Requirement already satisfied: partd in /usr/local/lib/python3.12/dist-packages (1.4.2)\n"}
,{"stream_name":"stdout","time":492.952225017,"data":"Requirement already satisfied: locket in /usr/local/lib/python3.12/dist-packages (1.0.0)\n"}
,{"stream_name":"stdout","time":492.952229684,"data":"Requirement already satisfied: toolz in /usr/local/lib/python3.12/dist-packages (0.12.1)\n"}
,{"stream_name":"stdout","time":492.952234443,"data":"Requirement already satisfied: pyyaml in /usr/local/lib/python3.12/dist-packages (6.0.3)\n"}
,{"stream_name":"stdout","time":492.952238817,"data":"Requirement already satisfied: ndindex in /usr/local/lib/python3.12/dist-packages (1.10.1)\n"}
,{"stream_name":"stdout","time":492.95224336,"data":"Requirement already satisfied: msgpack in /usr/local/lib/python3.12/dist-packages (1.1.2)\n"}
,{"stream_name":"stdout","time":492.952247816,"data":"Requirement already satisfied: numexpr in /usr/local/lib/python3.12/dist-packages (2.14.1)\n"}
,{"stream_name":"stdout","time":492.952252752,"data":"Requirement already satisfied: deprecated in /usr/local/lib/python3.12/dist-packages (1.3.1)\n"}
,{"stream_name":"stdout","time":492.952262991,"data":"Requirement already satisfied: wrapt in /usr/local/lib/python3.12/dist-packages (2.1.2)\n"}
,{"stream_name":"stdout","time":492.952267982,"data":"Installing collected packages: zarr, tracksdata, rustworkx, pyscipopt, polars-runtime-32, polars, numcodecs, imagecodecs, ilpy, geff-spec, geff, donfig, bidict\n"}
,{"stream_name":"stdout","time":492.952273216,"data":"  Attempting uninstall: polars-runtime-32\n"}
,{"stream_name":"stdout","time":492.95227806,"data":"    Found existing installation: polars-runtime-32 1.35.2\n"}
,{"stream_name":"stdout","time":492.952282625,"data":"    Uninstalling polars-runtime-32-1.35.2:\n"}
,{"stream_name":"stdout","time":492.952287312,"data":"      Successfully uninstalled polars-runtime-32-1.35.2\n"}
,{"stream_name":"stdout","time":492.952291957,"data":"  Attempting uninstall: polars\n"}
,{"stream_name":"stdout","time":492.952296639,"data":"    Found existing installation: polars 1.35.2\n"}
,{"stream_name":"stdout","time":492.952301241,"data":"    Uninstalling polars-1.35.2:\n"}
,{"stream_name":"stdout","time":492.952305521,"data":"      Successfully uninstalled polars-1.35.2\n"}
,{"stream_name":"stdout","time":492.952310373,"data":"Successfully installed bidict-0.23.1 donfig-0.8.1.post1 geff-1.2.0.1.1 geff-spec-1.1.1 ilpy-0.6.0 imagecodecs-2026.6.26 numcodecs-0.15.1 polars-1.42.0 polars-runtime-32-1.42.0 pyscipopt-6.2.1 rustworkx-0.18.0 tracksdata-0.1.0rc6.dev3+g980c2d30a zarr-3.2.1\n"}
,{"stream_name":"stdout","time":492.952318091,"data":"\n"}
,{"stream_name":"stdout","time":499.629841447,"data":"tracksdata 0.1.0rc6.dev3+g980c2d30a | geff 1.2.0.1.1 | zarr 3.2.1 | polars 1.42.0 (binary OK)\n"}
,{"stream_name":"stderr","time":500.682012165,"data":"Traceback (most recent call last):\n"}
,{"stream_name":"stderr","time":500.682040348,"data":"  File \"\u003cstring\u003e\", line 1, in \u003cmodule\u003e\n"}
,{"stream_name":"stderr","time":500.682048268,"data":"  File \"/usr/local/lib/python3.12/dist-packages/papermill/execute.py\", line 131, in execute_notebook\n"}
,{"stream_name":"stderr","time":500.682111693,"data":"    raise_for_execution_errors(nb, output_path)\n"}
,{"stream_name":"stderr","time":500.682250478,"data":"  File \"/usr/local/lib/python3.12/dist-packages/papermill/execute.py\", line 251, in raise_for_execution_errors\n"}
,{"stream_name":"stderr","time":500.682415101,"data":"    raise error\n"}
,{"stream_name":"stderr","time":500.682513978,"data":"papermill.exceptions.PapermillExecutionError: \n"}
,{"stream_name":"stderr","time":500.682526084,"data":"---------------------------------------------------------------------------\n"}
,{"stream_name":"stderr","time":500.682533335,"data":"Exception encountered at \"In [2]\":\n"}
,{"stream_name":"stderr","time":500.682539641,"data":"---------------------------------------------------------------------------\n"}
,{"stream_name":"stderr","time":500.682545628,"data":"AssertionError                            Traceback (most recent call last)\n"}
,{"stream_name":"stderr","time":500.682551575,"data":"/tmp/ipykernel_16/3493394225.py in \u003ccell line: 0\u003e()\n"}
,{"stream_name":"stderr","time":500.682557777,"data":"      7 if not module_hits:\n"}
,{"stream_name":"stderr","time":500.682563831,"data":"      8     module_hits = sorted(Path('.').resolve().rglob('run_phase0_candidate_oracle.py'))\n"}
,{"stream_name":"stderr","time":500.682570455,"data":"----\u003e 9 assert len(module_hits) == 1, f'Expected one oracle module, found {module_hits}'\n"}
,{"stream_name":"stderr","time":500.682576517,"data":"     10 sys.path.insert(0, str(module_hits[0].parent))\n"}
,{"stream_name":"stderr","time":500.682582417,"data":"     11 from run_phase0_candidate_oracle import run\n"}
,{"stream_name":"stderr","time":500.682599608,"data":"\n"}
,{"stream_name":"stderr","time":500.68260325,"data":"AssertionError: Expected one oracle module, found []\n"}
,{"stream_name":"stderr","time":500.682606448,"data":"\n"}
,{"stream_name":"stderr","time":503.553392237,"data":"/usr/local/lib/python3.12/dist-packages/mistune.py:435: SyntaxWarning: invalid escape sequence '\\|'\n"}
,{"stream_name":"stderr","time":503.553435202,"data":"  cells[i][c] = re.sub('\\\\\\\\\\|', '|', cell)\n"}
,{"stream_name":"stderr","time":503.750950848,"data":"/usr/local/lib/python3.12/dist-packages/nbconvert/filters/filter_links.py:36: SyntaxWarning: invalid escape sequence '\\_'\n"}
,{"stream_name":"stderr","time":503.750982473,"data":"  text = re.sub(r'_', '\\_', text) # Escape underscores in display text\n"}
,{"stream_name":"stderr","time":504.60521221,"data":"[NbConvertApp] Converting notebook __notebook__.ipynb to notebook\n"}
,{"stream_name":"stderr","time":505.008614616,"data":"[NbConvertApp] Writing 21198 bytes to __notebook__.ipynb\n"}
,{"stream_name":"stderr","time":508.313892345,"data":"[NbConvertApp] Converting notebook __notebook__.ipynb to html\n"}
,{"stream_name":"stderr","time":509.417527528,"data":"[NbConvertApp] Writing 316487 bytes to __results__.html\n"}
]