[2026-09-02T15:03:35+00:00] command=["E:\\Project\\Biohub_CellTracking\\.venv\\Scripts\\kaggle.EXE", "kernels", "status", "lingxd/biohub-diag016-candidate-oracle-guarded"]
exit_code=0
STDOUT
lingxd/biohub-diag016-candidate-oracle-guarded has status "KernelWorkerStatus.RUNNING"

STDERR

[2026-09-02T15:06:04+00:00] command=["E:\\Project\\Biohub_CellTracking\\.venv\\Scripts\\kaggle.EXE", "kernels", "status", "lingxd/biohub-diag016-candidate-oracle-guarded"]
exit_code=0
STDOUT
lingxd/biohub-diag016-candidate-oracle-guarded has status "KernelWorkerStatus.RUNNING"

STDERR

[2026-09-02T15:10:09+00:00] command=["E:\\Project\\Biohub_CellTracking\\.venv\\Scripts\\kaggle.EXE", "kernels", "status", "lingxd/biohub-diag016-candidate-oracle-guarded"]
exit_code=0
STDOUT
lingxd/biohub-diag016-candidate-oracle-guarded has status "KernelWorkerStatus.RUNNING"

STDERR

[2026-09-02T15:11:13+00:00] command=["E:\\Project\\Biohub_CellTracking\\.venv\\Scripts\\kaggle.EXE", "kernels", "status", "lingxd/biohub-diag016-candidate-oracle-guarded"]
exit_code=0
STDOUT
lingxd/biohub-diag016-candidate-oracle-guarded has status "KernelWorkerStatus.RUNNING"

STDERR

[2026-09-02T15:17:32+00:00] command=["E:\\Project\\Biohub_CellTracking\\.venv\\Scripts\\kaggle.EXE", "kernels", "status", "lingxd/biohub-diag016-candidate-oracle-guarded"]
exit_code=0
STDOUT
lingxd/biohub-diag016-candidate-oracle-guarded has status "KernelWorkerStatus.ERROR"

STDERR

