[2026-09-06T01:43:28+00:00] command=["E:\\Project\\Biohub_CellTracking\\.venv\\Scripts\\kaggle.EXE", "kernels", "output", "lingxd/biohub-repro038-public0941-exact-copy", "-p", "E:\\Project\\Biohub_CellTracking\\experiments\\repro_038_public_0941_exact_copy\\artifacts", "--page-size", "200", "--file-pattern", "(^|/)[^/]+\\.(csv|json|log)$"]
exit_code=0
STDOUT
Output file downloaded to E:\Project\Biohub_CellTracking\experiments\repro_038_public_0941_exact_copy\artifacts\bidirectional_production_runtime_integrity.json
Output file downloaded to E:\Project\Biohub_CellTracking\experiments\repro_038_public_0941_exact_copy\artifacts\dual_seed_frame_retention_guard_report.json
Output file downloaded to E:\Project\Biohub_CellTracking\experiments\repro_038_public_0941_exact_copy\artifacts\run_stats.csv
Output file downloaded to E:\Project\Biohub_CellTracking\experiments\repro_038_public_0941_exact_copy\artifacts\secondary_seed_weights/unet_transformer/split_0/SNAPSHOT_MANIFEST.json
Output file downloaded to E:\Project\Biohub_CellTracking\experiments\repro_038_public_0941_exact_copy\artifacts\secondary_seed_weights/unet_transformer/split_0/config.json
Output file downloaded to E:\Project\Biohub_CellTracking\experiments\repro_038_public_0941_exact_copy\artifacts\secondary_seed_weights/unet_transformer/split_0/history.csv
Output file downloaded to E:\Project\Biohub_CellTracking\experiments\repro_038_public_0941_exact_copy\artifacts\secondary_seed_weights/unet_transformer/split_0/split_manifest.json
Output file downloaded to E:\Project\Biohub_CellTracking\experiments\repro_038_public_0941_exact_copy\artifacts\secondary_seed_weights/unet_transformer/split_0/training_config.json
Output file downloaded to E:\Project\Biohub_CellTracking\experiments\repro_038_public_0941_exact_copy\artifacts\submission.csv
Output file downloaded to E:\Project\Biohub_CellTracking\experiments\repro_038_public_0941_exact_copy\artifacts\tracking_repo/kaggle_test_splits_50ep.json
Output file downloaded to E:\Project\Biohub_CellTracking\experiments\repro_038_public_0941_exact_copy\artifacts\tracking_repo/kaggle_val_splits.json
Output file downloaded to E:\Project\Biohub_CellTracking\experiments\repro_038_public_0941_exact_copy\artifacts\tracking_repo/predictions/unknown/unet_transformer/split_0/44b6_0113de3b.geff/edges/ids/zarr.json
Output file downloaded to E:\Project\Biohub_CellTracking\experiments\repro_038_public_0941_exact_copy\artifacts\tracking_repo/predictions/unknown/unet_transformer/split_0/44b6_0113de3b.geff/edges/props/edge_dist/values/zarr.json
Output file downloaded to E:\Project\Biohub_CellTracking\experiments\repro_038_public_0941_exact_copy\artifacts\tracking_repo/predictions/unknown/unet_transformer/split_0/44b6_0113de3b.geff/edges/props/edge_dist/zarr.json
Output file downloaded to E:\Project\Biohub_CellTracking\experiments\repro_038_public_0941_exact_copy\artifacts\tracking_repo/predictions/unknown/unet_transformer/split_0/44b6_0113de3b.geff/edges/props/edge_prob/values/zarr.json
Output file downloaded to E:\Project\Biohub_CellTracking\experiments\repro_038_public_0941_exact_copy\artifacts\tracking_repo/predictions/unknown/unet_transformer/split_0/44b6_0113de3b.geff/edges/props/edge_prob/zarr.json
Output file downloaded to E:\Project\Biohub_CellTracking\experiments\repro_038_public_0941_exact_copy\artifacts\tracking_repo/predictions/unknown/unet_transformer/split_0/44b6_0113de3b.geff/edges/props/solution/values/zarr.json
Output file downloaded to E:\Project\Biohub_CellTracking\experiments\repro_038_public_0941_exact_copy\artifacts\tracking_repo/predictions/unknown/unet_transformer/split_0/44b6_0113de3b.geff/edges/props/solution/zarr.json
Output file downloaded to E:\Project\Biohub_CellTracking\experiments\repro_038_public_0941_exact_copy\artifacts\tracking_repo/predictions/unknown/unet_transformer/split_0/44b6_0113de3b.geff/edges/props/zarr.json
Output file downloaded to E:\Project\Biohub_CellTracking\experiments\repro_038_public_0941_exact_copy\artifacts\tracking_repo/predictions/unknown/unet_transformer/split_0/44b6_0113de3b.geff/edges/zarr.json
Output file downloaded to E:\Project\Biohub_CellTracking\experiments\repro_038_public_0941_exact_copy\artifacts\tracking_repo/predictions/unknown/unet_transformer/split_0/44b6_0113de3b.geff/nodes/ids/zarr.json
Output file downloaded to E:\Project\Biohub_CellTracking\experiments\repro_038_public_0941_exact_copy\artifacts\tracking_repo/predictions/unknown/unet_transformer/split_0/44b6_0113de3b.geff/nodes/props/solution/values/zarr.json
Output file downloaded to E:\Project\Biohub_CellTracking\experiments\repro_038_public_0941_exact_copy\artifacts\tracking_repo/predictions/unknown/unet_transformer/split_0/44b6_0113de3b.geff/nodes/props/solution/zarr.json
Output file downloaded to E:\Project\Biohub_CellTracking\experiments\repro_038_public_0941_exact_copy\artifacts\tracking_repo/predictions/unknown/unet_transformer/split_0/44b6_0113de3b.geff/nodes/props/t/values/zarr.json
Output file downloaded to E:\Project\Biohub_CellTracking\experiments\repro_038_public_0941_exact_copy\artifacts\tracking_repo/predictions/unknown/unet_transformer/split_0/44b6_0113de3b.geff/nodes/props/t/zarr.json
Output file downloaded to E:\Project\Biohub_CellTracking\experiments\repro_038_public_0941_exact_copy\artifacts\tracking_repo/predictions/unknown/unet_transformer/split_0/44b6_0113de3b.geff/nodes/props/x/values/zarr.json
Output file downloaded to E:\Project\Biohub_CellTracking\experiments\repro_038_public_0941_exact_copy\artifacts\tracking_repo/predictions/unknown/unet_transformer/split_0/44b6_0113de3b.geff/nodes/props/x/zarr.json
Output file downloaded to E:\Project\Biohub_CellTracking\experiments\repro_038_public_0941_exact_copy\artifacts\tracking_repo/predictions/unknown/unet_transformer/split_0/44b6_0113de3b.geff/nodes/props/y/values/zarr.json
Output file downloaded to E:\Project\Biohub_CellTracking\experiments\repro_038_public_0941_exact_copy\artifacts\tracking_repo/predictions/unknown/unet_transformer/split_0/44b6_0113de3b.geff/nodes/props/y/zarr.json
Output file downloaded to E:\Project\Biohub_CellTracking\experiments\repro_038_public_0941_exact_copy\artifacts\tracking_repo/predictions/unknown/unet_transformer/split_0/44b6_0113de3b.geff/nodes/props/z/values/zarr.json
Output file downloaded to E:\Project\Biohub_CellTracking\experiments\repro_038_public_0941_exact_copy\artifacts\tracking_repo/predictions/unknown/unet_transformer/split_0/44b6_0113de3b.geff/nodes/props/z/zarr.json
Output file downloaded to E:\Project\Biohub_CellTracking\experiments\repro_038_public_0941_exact_copy\artifacts\tracking_repo/predictions/unknown/unet_transformer/split_0/44b6_0113de3b.geff/nodes/props/zarr.json
Output file downloaded to E:\Project\Biohub_CellTracking\experiments\repro_038_public_0941_exact_copy\artifacts\tracking_repo/predictions/unknown/unet_transformer/split_0/44b6_0113de3b.geff/nodes/zarr.json
Output file downloaded to E:\Project\Biohub_CellTracking\experiments\repro_038_public_0941_exact_copy\artifacts\tracking_repo/predictions/unknown/unet_transformer/split_0/44b6_0113de3b.geff/zarr.json
Output file downloaded to E:\Project\Biohub_CellTracking\experiments\repro_038_public_0941_exact_copy\artifacts\tracking_repo/predictions/unknown/unet_transformer/split_0/44b6_0b24845f.geff/edges/ids/zarr.json
Output file downloaded to E:\Project\Biohub_CellTracking\experiments\repro_038_public_0941_exact_copy\artifacts\tracking_repo/predictions/unknown/unet_transformer/split_0/44b6_0b24845f.geff/edges/props/edge_dist/values/zarr.json
Output file downloaded to E:\Project\Biohub_CellTracking\experiments\repro_038_public_0941_exact_copy\artifacts\tracking_repo/predictions/unknown/unet_transformer/split_0/44b6_0b24845f.geff/edges/props/edge_dist/zarr.json
Output file downloaded to E:\Project\Biohub_CellTracking\experiments\repro_038_public_0941_exact_copy\artifacts\tracking_repo/predictions/unknown/unet_transformer/split_0/44b6_0b24845f.geff/edges/props/edge_prob/values/zarr.json
Output file downloaded to E:\Project\Biohub_CellTracking\experiments\repro_038_public_0941_exact_copy\artifacts\tracking_repo/predictions/unknown/unet_transformer/split_0/44b6_0b24845f.geff/edges/props/edge_prob/zarr.json
Output file downloaded to E:\Project\Biohub_CellTracking\experiments\repro_038_public_0941_exact_copy\artifacts\tracking_repo/predictions/unknown/unet_transformer/split_0/44b6_0b24845f.geff/edges/props/solution/values/zarr.json
Output file downloaded to E:\Project\Biohub_CellTracking\experiments\repro_038_public_0941_exact_copy\artifacts\tracking_repo/predictions/unknown/unet_transformer/split_0/44b6_0b24845f.geff/edges/props/solution/zarr.json
Output file downloaded to E:\Project\Biohub_CellTracking\experiments\repro_038_public_0941_exact_copy\artifacts\tracking_repo/predictions/unknown/unet_transformer/split_0/44b6_0b24845f.geff/edges/props/zarr.json
Output file downloaded to E:\Project\Biohub_CellTracking\experiments\repro_038_public_0941_exact_copy\artifacts\tracking_repo/predictions/unknown/unet_transformer/split_0/44b6_0b24845f.geff/edges/zarr.json
Output file downloaded to E:\Project\Biohub_CellTracking\experiments\repro_038_public_0941_exact_copy\artifacts\tracking_repo/predictions/unknown/unet_transformer/split_0/44b6_0b24845f.geff/nodes/ids/zarr.json
Output file downloaded to E:\Project\Biohub_CellTracking\experiments\repro_038_public_0941_exact_copy\artifacts\tracking_repo/predictions/unknown/unet_transformer/split_0/44b6_0b24845f.geff/nodes/props/solution/values/zarr.json
Output file downloaded to E:\Project\Biohub_CellTracking\experiments\repro_038_public_0941_exact_copy\artifacts\tracking_repo/predictions/unknown/unet_transformer/split_0/44b6_0b24845f.geff/nodes/props/solution/zarr.json
Output file downloaded to E:\Project\Biohub_CellTracking\experiments\repro_038_public_0941_exact_copy\artifacts\tracking_repo/predictions/unknown/unet_transformer/split_0/44b6_0b24845f.geff/nodes/props/t/values/zarr.json
Output file downloaded to E:\Project\Biohub_CellTracking\experiments\repro_038_public_0941_exact_copy\artifacts\tracking_repo/predictions/unknown/unet_transformer/split_0/44b6_0b24845f.geff/nodes/props/t/zarr.json
Output file downloaded to E:\Project\Biohub_CellTracking\experiments\repro_038_public_0941_exact_copy\artifacts\tracking_repo/predictions/unknown/unet_transformer/split_0/44b6_0b24845f.geff/nodes/props/x/values/zarr.json
Output file downloaded to E:\Project\Biohub_CellTracking\experiments\repro_038_public_0941_exact_copy\artifacts\tracking_repo/predictions/unknown/unet_transformer/split_0/44b6_0b24845f.geff/nodes/props/x/zarr.json
Output file downloaded to E:\Project\Biohub_CellTracking\experiments\repro_038_public_0941_exact_copy\artifacts\tracking_repo/predictions/unknown/unet_transformer/split_0/44b6_0b24845f.geff/nodes/props/y/values/zarr.json
Output file downloaded to E:\Project\Biohub_CellTracking\experiments\repro_038_public_0941_exact_copy\artifacts\tracking_repo/predictions/unknown/unet_transformer/split_0/44b6_0b24845f.geff/nodes/props/y/zarr.json
Output file downloaded to E:\Project\Biohub_CellTracking\experiments\repro_038_public_0941_exact_copy\artifacts\tracking_repo/predictions/unknown/unet_transformer/split_0/44b6_0b24845f.geff/nodes/props/z/values/zarr.json
Output file downloaded to E:\Project\Biohub_CellTracking\experiments\repro_038_public_0941_exact_copy\artifacts\tracking_repo/predictions/unknown/unet_transformer/split_0/44b6_0b24845f.geff/nodes/props/z/zarr.json
Output file downloaded to E:\Project\Biohub_CellTracking\experiments\repro_038_public_0941_exact_copy\artifacts\tracking_repo/predictions/unknown/unet_transformer/split_0/44b6_0b24845f.geff/nodes/props/zarr.json
Output file downloaded to E:\Project\Biohub_CellTracking\experiments\repro_038_public_0941_exact_copy\artifacts\tracking_repo/predictions/unknown/unet_transformer/split_0/44b6_0b24845f.geff/nodes/zarr.json
Output file downloaded to E:\Project\Biohub_CellTracking\experiments\repro_038_public_0941_exact_copy\artifacts\tracking_repo/predictions/unknown/unet_transformer/split_0/44b6_0b24845f.geff/zarr.json
Output file downloaded to E:\Project\Biohub_CellTracking\experiments\repro_038_public_0941_exact_copy\artifacts\tracking_repo/predictions/unknown/unet_transformer/split_0/6bba_05b6850b.geff/edges/ids/zarr.json
Output file downloaded to E:\Project\Biohub_CellTracking\experiments\repro_038_public_0941_exact_copy\artifacts\tracking_repo/predictions/unknown/unet_transformer/split_0/6bba_05b6850b.geff/edges/props/edge_dist/values/zarr.json
Output file downloaded to E:\Project\Biohub_CellTracking\experiments\repro_038_public_0941_exact_copy\artifacts\tracking_repo/predictions/unknown/unet_transformer/split_0/6bba_05b6850b.geff/edges/props/edge_dist/zarr.json
Output file downloaded to E:\Project\Biohub_CellTracking\experiments\repro_038_public_0941_exact_copy\artifacts\tracking_repo/predictions/unknown/unet_transformer/split_0/6bba_05b6850b.geff/edges/props/edge_prob/values/zarr.json
Output file downloaded to E:\Project\Biohub_CellTracking\experiments\repro_038_public_0941_exact_copy\artifacts\tracking_repo/predictions/unknown/unet_transformer/split_0/6bba_05b6850b.geff/edges/props/edge_prob/zarr.json
Output file downloaded to E:\Project\Biohub_CellTracking\experiments\repro_038_public_0941_exact_copy\artifacts\tracking_repo/predictions/unknown/unet_transformer/split_0/6bba_05b6850b.geff/edges/props/solution/values/zarr.json
Output file downloaded to E:\Project\Biohub_CellTracking\experiments\repro_038_public_0941_exact_copy\artifacts\tracking_repo/predictions/unknown/unet_transformer/split_0/6bba_05b6850b.geff/edges/props/solution/zarr.json
Output file downloaded to E:\Project\Biohub_CellTracking\experiments\repro_038_public_0941_exact_copy\artifacts\tracking_repo/predictions/unknown/unet_transformer/split_0/6bba_05b6850b.geff/edges/props/zarr.json
Output file downloaded to E:\Project\Biohub_CellTracking\experiments\repro_038_public_0941_exact_copy\artifacts\tracking_repo/predictions/unknown/unet_transformer/split_0/6bba_05b6850b.geff/edges/zarr.json
Output file downloaded to E:\Project\Biohub_CellTracking\experiments\repro_038_public_0941_exact_copy\artifacts\tracking_repo/predictions/unknown/unet_transformer/split_0/6bba_05b6850b.geff/nodes/ids/zarr.json
Output file downloaded to E:\Project\Biohub_CellTracking\experiments\repro_038_public_0941_exact_copy\artifacts\tracking_repo/predictions/unknown/unet_transformer/split_0/6bba_05b6850b.geff/nodes/props/solution/values/zarr.json
Output file downloaded to E:\Project\Biohub_CellTracking\experiments\repro_038_public_0941_exact_copy\artifacts\tracking_repo/predictions/unknown/unet_transformer/split_0/6bba_05b6850b.geff/nodes/props/solution/zarr.json
Output file downloaded to E:\Project\Biohub_CellTracking\experiments\repro_038_public_0941_exact_copy\artifacts\tracking_repo/predictions/unknown/unet_transformer/split_0/6bba_05b6850b.geff/nodes/props/t/values/zarr.json
Output file downloaded to E:\Project\Biohub_CellTracking\experiments\repro_038_public_0941_exact_copy\artifacts\tracking_repo/predictions/unknown/unet_transformer/split_0/6bba_05b6850b.geff/nodes/props/t/zarr.json
Output file downloaded to E:\Project\Biohub_CellTracking\experiments\repro_038_public_0941_exact_copy\artifacts\tracking_repo/predictions/unknown/unet_transformer/split_0/6bba_05b6850b.geff/nodes/props/x/values/zarr.json
Output file downloaded to E:\Project\Biohub_CellTracking\experiments\repro_038_public_0941_exact_copy\artifacts\tracking_repo/predictions/unknown/unet_transformer/split_0/6bba_05b6850b.geff/nodes/props/x/zarr.json
Output file downloaded to E:\Project\Biohub_CellTracking\experiments\repro_038_public_0941_exact_copy\artifacts\tracking_repo/predictions/unknown/unet_transformer/split_0/6bba_05b6850b.geff/nodes/props/y/values/zarr.json
Output file downloaded to E:\Project\Biohub_CellTracking\experiments\repro_038_public_0941_exact_copy\artifacts\tracking_repo/predictions/unknown/unet_transformer/split_0/6bba_05b6850b.geff/nodes/props/y/zarr.json
Output file downloaded to E:\Project\Biohub_CellTracking\experiments\repro_038_public_0941_exact_copy\artifacts\tracking_repo/predictions/unknown/unet_transformer/split_0/6bba_05b6850b.geff/nodes/props/z/values/zarr.json
Output file downloaded to E:\Project\Biohub_CellTracking\experiments\repro_038_public_0941_exact_copy\artifacts\tracking_repo/predictions/unknown/unet_transformer/split_0/6bba_05b6850b.geff/nodes/props/z/zarr.json
Output file downloaded to E:\Project\Biohub_CellTracking\experiments\repro_038_public_0941_exact_copy\artifacts\tracking_repo/predictions/unknown/unet_transformer/split_0/6bba_05b6850b.geff/nodes/props/zarr.json
Output file downloaded to E:\Project\Biohub_CellTracking\experiments\repro_038_public_0941_exact_copy\artifacts\tracking_repo/predictions/unknown/unet_transformer/split_0/6bba_05b6850b.geff/nodes/zarr.json
Output file downloaded to E:\Project\Biohub_CellTracking\experiments\repro_038_public_0941_exact_copy\artifacts\tracking_repo/predictions/unknown/unet_transformer/split_0/6bba_05b6850b.geff/zarr.json
Output file downloaded to E:\Project\Biohub_CellTracking\experiments\repro_038_public_0941_exact_copy\artifacts\tracking_repo/predictions/unknown/unet_transformer/split_0/6bba_05db0fb1.geff/edges/ids/zarr.json
Output file downloaded to E:\Project\Biohub_CellTracking\experiments\repro_038_public_0941_exact_copy\artifacts\tracking_repo/predictions/unknown/unet_transformer/split_0/6bba_05db0fb1.geff/edges/props/edge_dist/values/zarr.json
Output file downloaded to E:\Project\Biohub_CellTracking\experiments\repro_038_public_0941_exact_copy\artifacts\tracking_repo/predictions/unknown/unet_transformer/split_0/6bba_05db0fb1.geff/edges/props/edge_dist/zarr.json
Output file downloaded to E:\Project\Biohub_CellTracking\experiments\repro_038_public_0941_exact_copy\artifacts\tracking_repo/predictions/unknown/unet_transformer/split_0/6bba_05db0fb1.geff/edges/props/edge_prob/values/zarr.json
Output file downloaded to E:\Project\Biohub_CellTracking\experiments\repro_038_public_0941_exact_copy\artifacts\tracking_repo/predictions/unknown/unet_transformer/split_0/6bba_05db0fb1.geff/edges/props/edge_prob/zarr.json
Output file downloaded to E:\Project\Biohub_CellTracking\experiments\repro_038_public_0941_exact_copy\artifacts\tracking_repo/predictions/unknown/unet_transformer/split_0/6bba_05db0fb1.geff/edges/props/solution/values/zarr.json
Output file downloaded to E:\Project\Biohub_CellTracking\experiments\repro_038_public_0941_exact_copy\artifacts\tracking_repo/predictions/unknown/unet_transformer/split_0/6bba_05db0fb1.geff/edges/props/solution/zarr.json
Output file downloaded to E:\Project\Biohub_CellTracking\experiments\repro_038_public_0941_exact_copy\artifacts\tracking_repo/predictions/unknown/unet_transformer/split_0/6bba_05db0fb1.geff/edges/props/zarr.json
Output file downloaded to E:\Project\Biohub_CellTracking\experiments\repro_038_public_0941_exact_copy\artifacts\tracking_repo/predictions/unknown/unet_transformer/split_0/6bba_05db0fb1.geff/edges/zarr.json
Output file downloaded to E:\Project\Biohub_CellTracking\experiments\repro_038_public_0941_exact_copy\artifacts\tracking_repo/predictions/unknown/unet_transformer/split_0/6bba_05db0fb1.geff/nodes/ids/zarr.json
Output file downloaded to E:\Project\Biohub_CellTracking\experiments\repro_038_public_0941_exact_copy\artifacts\tracking_repo/predictions/unknown/unet_transformer/split_0/6bba_05db0fb1.geff/nodes/props/solution/values/zarr.json
Output file downloaded to E:\Project\Biohub_CellTracking\experiments\repro_038_public_0941_exact_copy\artifacts\tracking_repo/predictions/unknown/unet_transformer/split_0/6bba_05db0fb1.geff/nodes/props/solution/zarr.json
Output file downloaded to E:\Project\Biohub_CellTracking\experiments\repro_038_public_0941_exact_copy\artifacts\tracking_repo/predictions/unknown/unet_transformer/split_0/6bba_05db0fb1.geff/nodes/props/t/values/zarr.json
Output file downloaded to E:\Project\Biohub_CellTracking\experiments\repro_038_public_0941_exact_copy\artifacts\tracking_repo/predictions/unknown/unet_transformer/split_0/6bba_05db0fb1.geff/nodes/props/t/zarr.json
Output file downloaded to E:\Project\Biohub_CellTracking\experiments\repro_038_public_0941_exact_copy\artifacts\tracking_repo/predictions/unknown/unet_transformer/split_0/6bba_05db0fb1.geff/nodes/props/x/values/zarr.json
Output file downloaded to E:\Project\Biohub_CellTracking\experiments\repro_038_public_0941_exact_copy\artifacts\tracking_repo/predictions/unknown/unet_transformer/split_0/6bba_05db0fb1.geff/nodes/props/x/zarr.json
Output file downloaded to E:\Project\Biohub_CellTracking\experiments\repro_038_public_0941_exact_copy\artifacts\tracking_repo/predictions/unknown/unet_transformer/split_0/6bba_05db0fb1.geff/nodes/props/y/values/zarr.json
Output file downloaded to E:\Project\Biohub_CellTracking\experiments\repro_038_public_0941_exact_copy\artifacts\tracking_repo/predictions/unknown/unet_transformer/split_0/6bba_05db0fb1.geff/nodes/props/y/zarr.json
Output file downloaded to E:\Project\Biohub_CellTracking\experiments\repro_038_public_0941_exact_copy\artifacts\tracking_repo/predictions/unknown/unet_transformer/split_0/6bba_05db0fb1.geff/nodes/props/z/values/zarr.json
Output file downloaded to E:\Project\Biohub_CellTracking\experiments\repro_038_public_0941_exact_copy\artifacts\tracking_repo/predictions/unknown/unet_transformer/split_0/6bba_05db0fb1.geff/nodes/props/z/zarr.json
Output file downloaded to E:\Project\Biohub_CellTracking\experiments\repro_038_public_0941_exact_copy\artifacts\tracking_repo/predictions/unknown/unet_transformer/split_0/6bba_05db0fb1.geff/nodes/props/zarr.json
Output file downloaded to E:\Project\Biohub_CellTracking\experiments\repro_038_public_0941_exact_copy\artifacts\tracking_repo/predictions/unknown/unet_transformer/split_0/6bba_05db0fb1.geff/nodes/zarr.json
Output file downloaded to E:\Project\Biohub_CellTracking\experiments\repro_038_public_0941_exact_copy\artifacts\tracking_repo/predictions/unknown/unet_transformer/split_0/6bba_05db0fb1.geff/zarr.json
Output file downloaded to E:\Project\Biohub_CellTracking\experiments\repro_038_public_0941_exact_copy\artifacts\tracking_repo/predictions/unknown/unet_transformer_val/split_0/44b6_12dfb391.geff/edges/ids/zarr.json
Output file downloaded to E:\Project\Biohub_CellTracking\experiments\repro_038_public_0941_exact_copy\artifacts\tracking_repo/predictions/unknown/unet_transformer_val/split_0/44b6_12dfb391.geff/edges/props/edge_dist/values/zarr.json
Output file downloaded to E:\Project\Biohub_CellTracking\experiments\repro_038_public_0941_exact_copy\artifacts\tracking_repo/predictions/unknown/unet_transformer_val/split_0/44b6_12dfb391.geff/edges/props/edge_dist/zarr.json
Output file downloaded to E:\Project\Biohub_CellTracking\experiments\repro_038_public_0941_exact_copy\artifacts\tracking_repo/predictions/unknown/unet_transformer_val/split_0/44b6_12dfb391.geff/edges/props/edge_prob/values/zarr.json
Output file downloaded to E:\Project\Biohub_CellTracking\experiments\repro_038_public_0941_exact_copy\artifacts\tracking_repo/predictions/unknown/unet_transformer_val/split_0/44b6_12dfb391.geff/edges/props/edge_prob/zarr.json
Output file downloaded to E:\Project\Biohub_CellTracking\experiments\repro_038_public_0941_exact_copy\artifacts\tracking_repo/predictions/unknown/unet_transformer_val/split_0/44b6_12dfb391.geff/edges/props/solution/values/zarr.json
Output file downloaded to E:\Project\Biohub_CellTracking\experiments\repro_038_public_0941_exact_copy\artifacts\tracking_repo/predictions/unknown/unet_transformer_val/split_0/44b6_12dfb391.geff/edges/props/solution/zarr.json
Output file downloaded to E:\Project\Biohub_CellTracking\experiments\repro_038_public_0941_exact_copy\artifacts\tracking_repo/predictions/unknown/unet_transformer_val/split_0/44b6_12dfb391.geff/edges/props/zarr.json
Output file downloaded to E:\Project\Biohub_CellTracking\experiments\repro_038_public_0941_exact_copy\artifacts\tracking_repo/predictions/unknown/unet_transformer_val/split_0/44b6_12dfb391.geff/edges/zarr.json
Output file downloaded to E:\Project\Biohub_CellTracking\experiments\repro_038_public_0941_exact_copy\artifacts\tracking_repo/predictions/unknown/unet_transformer_val/split_0/44b6_12dfb391.geff/nodes/ids/zarr.json
Output file downloaded to E:\Project\Biohub_CellTracking\experiments\repro_038_public_0941_exact_copy\artifacts\tracking_repo/predictions/unknown/unet_transformer_val/split_0/44b6_12dfb391.geff/nodes/props/solution/values/zarr.json
Output file downloaded to E:\Project\Biohub_CellTracking\experiments\repro_038_public_0941_exact_copy\artifacts\tracking_repo/predictions/unknown/unet_transformer_val/split_0/44b6_12dfb391.geff/nodes/props/solution/zarr.json
Output file downloaded to E:\Project\Biohub_CellTracking\experiments\repro_038_public_0941_exact_copy\artifacts\tracking_repo/predictions/unknown/unet_transformer_val/split_0/44b6_12dfb391.geff/nodes/props/t/values/zarr.json
Output file downloaded to E:\Project\Biohub_CellTracking\experiments\repro_038_public_0941_exact_copy\artifacts\tracking_repo/predictions/unknown/unet_transformer_val/split_0/44b6_12dfb391.geff/nodes/props/t/zarr.json
Output file downloaded to E:\Project\Biohub_CellTracking\experiments\repro_038_public_0941_exact_copy\artifacts\tracking_repo/predictions/unknown/unet_transformer_val/split_0/44b6_12dfb391.geff/nodes/props/x/values/zarr.json
Output file downloaded to E:\Project\Biohub_CellTracking\experiments\repro_038_public_0941_exact_copy\artifacts\tracking_repo/predictions/unknown/unet_transformer_val/split_0/44b6_12dfb391.geff/nodes/props/x/zarr.json
Output file downloaded to E:\Project\Biohub_CellTracking\experiments\repro_038_public_0941_exact_copy\artifacts\tracking_repo/predictions/unknown/unet_transformer_val/split_0/44b6_12dfb391.geff/nodes/props/y/values/zarr.json
Output file downloaded to E:\Project\Biohub_CellTracking\experiments\repro_038_public_0941_exact_copy\artifacts\tracking_repo/predictions/unknown/unet_transformer_val/split_0/44b6_12dfb391.geff/nodes/props/y/zarr.json
Output file downloaded to E:\Project\Biohub_CellTracking\experiments\repro_038_public_0941_exact_copy\artifacts\tracking_repo/predictions/unknown/unet_transformer_val/split_0/44b6_12dfb391.geff/nodes/props/z/values/zarr.json
Output file downloaded to E:\Project\Biohub_CellTracking\experiments\repro_038_public_0941_exact_copy\artifacts\tracking_repo/predictions/unknown/unet_transformer_val/split_0/44b6_12dfb391.geff/nodes/props/z/zarr.json
Output file downloaded to E:\Project\Biohub_CellTracking\experiments\repro_038_public_0941_exact_copy\artifacts\tracking_repo/predictions/unknown/unet_transformer_val/split_0/44b6_12dfb391.geff/nodes/props/zarr.json
Output file downloaded to E:\Project\Biohub_CellTracking\experiments\repro_038_public_0941_exact_copy\artifacts\tracking_repo/predictions/unknown/unet_transformer_val/split_0/44b6_12dfb391.geff/nodes/zarr.json
Output file downloaded to E:\Project\Biohub_CellTracking\experiments\repro_038_public_0941_exact_copy\artifacts\tracking_repo/predictions/unknown/unet_transformer_val/split_0/44b6_12dfb391.geff/zarr.json
Output file downloaded to E:\Project\Biohub_CellTracking\experiments\repro_038_public_0941_exact_copy\artifacts\tracking_repo/predictions/unknown/unet_transformer_val/split_0/44b6_267148e4.geff/edges/ids/zarr.json
Output file downloaded to E:\Project\Biohub_CellTracking\experiments\repro_038_public_0941_exact_copy\artifacts\tracking_repo/predictions/unknown/unet_transformer_val/split_0/44b6_267148e4.geff/edges/props/edge_dist/values/zarr.json
Output file downloaded to E:\Project\Biohub_CellTracking\experiments\repro_038_public_0941_exact_copy\artifacts\tracking_repo/predictions/unknown/unet_transformer_val/split_0/44b6_267148e4.geff/edges/props/edge_dist/zarr.json
Output file downloaded to E:\Project\Biohub_CellTracking\experiments\repro_038_public_0941_exact_copy\artifacts\tracking_repo/predictions/unknown/unet_transformer_val/split_0/44b6_267148e4.geff/edges/props/edge_prob/values/zarr.json
Output file downloaded to E:\Project\Biohub_CellTracking\experiments\repro_038_public_0941_exact_copy\artifacts\tracking_repo/predictions/unknown/unet_transformer_val/split_0/44b6_267148e4.geff/edges/props/edge_prob/zarr.json
Output file downloaded to E:\Project\Biohub_CellTracking\experiments\repro_038_public_0941_exact_copy\artifacts\tracking_repo/predictions/unknown/unet_transformer_val/split_0/44b6_267148e4.geff/edges/props/solution/values/zarr.json
Output file downloaded to E:\Project\Biohub_CellTracking\experiments\repro_038_public_0941_exact_copy\artifacts\tracking_repo/predictions/unknown/unet_transformer_val/split_0/44b6_267148e4.geff/edges/props/solution/zarr.json
Output file downloaded to E:\Project\Biohub_CellTracking\experiments\repro_038_public_0941_exact_copy\artifacts\tracking_repo/predictions/unknown/unet_transformer_val/split_0/44b6_267148e4.geff/edges/props/zarr.json
Output file downloaded to E:\Project\Biohub_CellTracking\experiments\repro_038_public_0941_exact_copy\artifacts\tracking_repo/predictions/unknown/unet_transformer_val/split_0/44b6_267148e4.geff/edges/zarr.json
Output file downloaded to E:\Project\Biohub_CellTracking\experiments\repro_038_public_0941_exact_copy\artifacts\tracking_repo/predictions/unknown/unet_transformer_val/split_0/44b6_267148e4.geff/nodes/ids/zarr.json
Output file downloaded to E:\Project\Biohub_CellTracking\experiments\repro_038_public_0941_exact_copy\artifacts\tracking_repo/predictions/unknown/unet_transformer_val/split_0/44b6_267148e4.geff/nodes/props/solution/values/zarr.json
Output file downloaded to E:\Project\Biohub_CellTracking\experiments\repro_038_public_0941_exact_copy\artifacts\tracking_repo/predictions/unknown/unet_transformer_val/split_0/44b6_267148e4.geff/nodes/props/solution/zarr.json
Output file downloaded to E:\Project\Biohub_CellTracking\experiments\repro_038_public_0941_exact_copy\artifacts\tracking_repo/predictions/unknown/unet_transformer_val/split_0/44b6_267148e4.geff/nodes/props/t/values/zarr.json
Output file downloaded to E:\Project\Biohub_CellTracking\experiments\repro_038_public_0941_exact_copy\artifacts\tracking_repo/predictions/unknown/unet_transformer_val/split_0/44b6_267148e4.geff/nodes/props/t/zarr.json
Output file downloaded to E:\Project\Biohub_CellTracking\experiments\repro_038_public_0941_exact_copy\artifacts\tracking_repo/predictions/unknown/unet_transformer_val/split_0/44b6_267148e4.geff/nodes/props/x/values/zarr.json
Output file downloaded to E:\Project\Biohub_CellTracking\experiments\repro_038_public_0941_exact_copy\artifacts\tracking_repo/predictions/unknown/unet_transformer_val/split_0/44b6_267148e4.geff/nodes/props/x/zarr.json
Output file downloaded to E:\Project\Biohub_CellTracking\experiments\repro_038_public_0941_exact_copy\artifacts\tracking_repo/predictions/unknown/unet_transformer_val/split_0/44b6_267148e4.geff/nodes/props/y/values/zarr.json
Output file downloaded to E:\Project\Biohub_CellTracking\experiments\repro_038_public_0941_exact_copy\artifacts\tracking_repo/predictions/unknown/unet_transformer_val/split_0/44b6_267148e4.geff/nodes/props/y/zarr.json
Output file downloaded to E:\Project\Biohub_CellTracking\experiments\repro_038_public_0941_exact_copy\artifacts\tracking_repo/predictions/unknown/unet_transformer_val/split_0/44b6_267148e4.geff/nodes/props/z/values/zarr.json
Output file downloaded to E:\Project\Biohub_CellTracking\experiments\repro_038_public_0941_exact_copy\artifacts\tracking_repo/predictions/unknown/unet_transformer_val/split_0/44b6_267148e4.geff/nodes/props/z/zarr.json
Output file downloaded to E:\Project\Biohub_CellTracking\experiments\repro_038_public_0941_exact_copy\artifacts\tracking_repo/predictions/unknown/unet_transformer_val/split_0/44b6_267148e4.geff/nodes/props/zarr.json
Output file downloaded to E:\Project\Biohub_CellTracking\experiments\repro_038_public_0941_exact_copy\artifacts\tracking_repo/predictions/unknown/unet_transformer_val/split_0/44b6_267148e4.geff/nodes/zarr.json
Output file downloaded to E:\Project\Biohub_CellTracking\experiments\repro_038_public_0941_exact_copy\artifacts\tracking_repo/predictions/unknown/unet_transformer_val/split_0/44b6_267148e4.geff/zarr.json
Output file downloaded to E:\Project\Biohub_CellTracking\experiments\repro_038_public_0941_exact_copy\artifacts\tracking_repo/predictions/unknown/unet_transformer_val/split_0/6bba_062c8d37.geff/edges/ids/zarr.json
Output file downloaded to E:\Project\Biohub_CellTracking\experiments\repro_038_public_0941_exact_copy\artifacts\tracking_repo/predictions/unknown/unet_transformer_val/split_0/6bba_062c8d37.geff/edges/props/edge_dist/values/zarr.json
Output file downloaded to E:\Project\Biohub_CellTracking\experiments\repro_038_public_0941_exact_copy\artifacts\tracking_repo/predictions/unknown/unet_transformer_val/split_0/6bba_062c8d37.geff/edges/props/edge_dist/zarr.json
Output file downloaded to E:\Project\Biohub_CellTracking\experiments\repro_038_public_0941_exact_copy\artifacts\tracking_repo/predictions/unknown/unet_transformer_val/split_0/6bba_062c8d37.geff/edges/props/edge_prob/values/zarr.json
Output file downloaded to E:\Project\Biohub_CellTracking\experiments\repro_038_public_0941_exact_copy\artifacts\tracking_repo/predictions/unknown/unet_transformer_val/split_0/6bba_062c8d37.geff/edges/props/edge_prob/zarr.json
Output file downloaded to E:\Project\Biohub_CellTracking\experiments\repro_038_public_0941_exact_copy\artifacts\tracking_repo/predictions/unknown/unet_transformer_val/split_0/6bba_062c8d37.geff/edges/props/solution/values/zarr.json
Output file downloaded to E:\Project\Biohub_CellTracking\experiments\repro_038_public_0941_exact_copy\artifacts\tracking_repo/predictions/unknown/unet_transformer_val/split_0/6bba_062c8d37.geff/edges/props/solution/zarr.json
Output file downloaded to E:\Project\Biohub_CellTracking\experiments\repro_038_public_0941_exact_copy\artifacts\tracking_repo/predictions/unknown/unet_transformer_val/split_0/6bba_062c8d37.geff/edges/props/zarr.json
Output file downloaded to E:\Project\Biohub_CellTracking\experiments\repro_038_public_0941_exact_copy\artifacts\tracking_repo/predictions/unknown/unet_transformer_val/split_0/6bba_062c8d37.geff/edges/zarr.json
Output file downloaded to E:\Project\Biohub_CellTracking\experiments\repro_038_public_0941_exact_copy\artifacts\tracking_repo/predictions/unknown/unet_transformer_val/split_0/6bba_062c8d37.geff/nodes/ids/zarr.json
Output file downloaded to E:\Project\Biohub_CellTracking\experiments\repro_038_public_0941_exact_copy\artifacts\tracking_repo/predictions/unknown/unet_transformer_val/split_0/6bba_062c8d37.geff/nodes/props/solution/values/zarr.json
Output file downloaded to E:\Project\Biohub_CellTracking\experiments\repro_038_public_0941_exact_copy\artifacts\tracking_repo/predictions/unknown/unet_transformer_val/split_0/6bba_062c8d37.geff/nodes/props/solution/zarr.json
Output file downloaded to E:\Project\Biohub_CellTracking\experiments\repro_038_public_0941_exact_copy\artifacts\tracking_repo/predictions/unknown/unet_transformer_val/split_0/6bba_062c8d37.geff/nodes/props/t/values/zarr.json
Output file downloaded to E:\Project\Biohub_CellTracking\experiments\repro_038_public_0941_exact_copy\artifacts\tracking_repo/predictions/unknown/unet_transformer_val/split_0/6bba_062c8d37.geff/nodes/props/t/zarr.json
Output file downloaded to E:\Project\Biohub_CellTracking\experiments\repro_038_public_0941_exact_copy\artifacts\tracking_repo/predictions/unknown/unet_transformer_val/split_0/6bba_062c8d37.geff/nodes/props/x/values/zarr.json
Output file downloaded to E:\Project\Biohub_CellTracking\experiments\repro_038_public_0941_exact_copy\artifacts\tracking_repo/predictions/unknown/unet_transformer_val/split_0/6bba_062c8d37.geff/nodes/props/x/zarr.json
Output file downloaded to E:\Project\Biohub_CellTracking\experiments\repro_038_public_0941_exact_copy\artifacts\tracking_repo/predictions/unknown/unet_transformer_val/split_0/6bba_062c8d37.geff/nodes/props/y/values/zarr.json
Output file downloaded to E:\Project\Biohub_CellTracking\experiments\repro_038_public_0941_exact_copy\artifacts\tracking_repo/predictions/unknown/unet_transformer_val/split_0/6bba_062c8d37.geff/nodes/props/y/zarr.json
Output file downloaded to E:\Project\Biohub_CellTracking\experiments\repro_038_public_0941_exact_copy\artifacts\tracking_repo/predictions/unknown/unet_transformer_val/split_0/6bba_062c8d37.geff/nodes/props/z/values/zarr.json
Output file downloaded to E:\Project\Biohub_CellTracking\experiments\repro_038_public_0941_exact_copy\artifacts\tracking_repo/predictions/unknown/unet_transformer_val/split_0/6bba_062c8d37.geff/nodes/props/z/zarr.json
Output file downloaded to E:\Project\Biohub_CellTracking\experiments\repro_038_public_0941_exact_copy\artifacts\tracking_repo/predictions/unknown/unet_transformer_val/split_0/6bba_062c8d37.geff/nodes/props/zarr.json
Output file downloaded to E:\Project\Biohub_CellTracking\experiments\repro_038_public_0941_exact_copy\artifacts\tracking_repo/predictions/unknown/unet_transformer_val/split_0/6bba_062c8d37.geff/nodes/zarr.json
Output file downloaded to E:\Project\Biohub_CellTracking\experiments\repro_038_public_0941_exact_copy\artifacts\tracking_repo/predictions/unknown/unet_transformer_val/split_0/6bba_062c8d37.geff/zarr.json
Output file downloaded to E:\Project\Biohub_CellTracking\experiments\repro_038_public_0941_exact_copy\artifacts\tracking_repo/predictions/unknown/unet_transformer_val/split_0/6bba_07e24132.geff/edges/ids/zarr.json
Output file downloaded to E:\Project\Biohub_CellTracking\experiments\repro_038_public_0941_exact_copy\artifacts\tracking_repo/predictions/unknown/unet_transformer_val/split_0/6bba_07e24132.geff/edges/props/edge_dist/values/zarr.json
Output file downloaded to E:\Project\Biohub_CellTracking\experiments\repro_038_public_0941_exact_copy\artifacts\tracking_repo/predictions/unknown/unet_transformer_val/split_0/6bba_07e24132.geff/edges/props/edge_dist/zarr.json
Output file downloaded to E:\Project\Biohub_CellTracking\experiments\repro_038_public_0941_exact_copy\artifacts\tracking_repo/predictions/unknown/unet_transformer_val/split_0/6bba_07e24132.geff/edges/props/edge_prob/values/zarr.json
Output file downloaded to E:\Project\Biohub_CellTracking\experiments\repro_038_public_0941_exact_copy\artifacts\tracking_repo/predictions/unknown/unet_transformer_val/split_0/6bba_07e24132.geff/edges/props/edge_prob/zarr.json
Output file downloaded to E:\Project\Biohub_CellTracking\experiments\repro_038_public_0941_exact_copy\artifacts\tracking_repo/predictions/unknown/unet_transformer_val/split_0/6bba_07e24132.geff/edges/props/solution/values/zarr.json
Output file downloaded to E:\Project\Biohub_CellTracking\experiments\repro_038_public_0941_exact_copy\artifacts\tracking_repo/predictions/unknown/unet_transformer_val/split_0/6bba_07e24132.geff/edges/props/solution/zarr.json
Output file downloaded to E:\Project\Biohub_CellTracking\experiments\repro_038_public_0941_exact_copy\artifacts\tracking_repo/predictions/unknown/unet_transformer_val/split_0/6bba_07e24132.geff/edges/props/zarr.json
Output file downloaded to E:\Project\Biohub_CellTracking\experiments\repro_038_public_0941_exact_copy\artifacts\tracking_repo/predictions/unknown/unet_transformer_val/split_0/6bba_07e24132.geff/edges/zarr.json
Output file downloaded to E:\Project\Biohub_CellTracking\experiments\repro_038_public_0941_exact_copy\artifacts\tracking_repo/predictions/unknown/unet_transformer_val/split_0/6bba_07e24132.geff/nodes/ids/zarr.json
Output file downloaded to E:\Project\Biohub_CellTracking\experiments\repro_038_public_0941_exact_copy\artifacts\tracking_repo/predictions/unknown/unet_transformer_val/split_0/6bba_07e24132.geff/nodes/props/solution/values/zarr.json
Output file downloaded to E:\Project\Biohub_CellTracking\experiments\repro_038_public_0941_exact_copy\artifacts\tracking_repo/predictions/unknown/unet_transformer_val/split_0/6bba_07e24132.geff/nodes/props/solution/zarr.json
Output file downloaded to E:\Project\Biohub_CellTracking\experiments\repro_038_public_0941_exact_copy\artifacts\tracking_repo/predictions/unknown/unet_transformer_val/split_0/6bba_07e24132.geff/nodes/props/t/values/zarr.json
Output file downloaded to E:\Project\Biohub_CellTracking\experiments\repro_038_public_0941_exact_copy\artifacts\tracking_repo/predictions/unknown/unet_transformer_val/split_0/6bba_07e24132.geff/nodes/props/t/zarr.json
Output file downloaded to E:\Project\Biohub_CellTracking\experiments\repro_038_public_0941_exact_copy\artifacts\tracking_repo/predictions/unknown/unet_transformer_val/split_0/6bba_07e24132.geff/nodes/props/x/values/zarr.json
Output file downloaded to E:\Project\Biohub_CellTracking\experiments\repro_038_public_0941_exact_copy\artifacts\tracking_repo/predictions/unknown/unet_transformer_val/split_0/6bba_07e24132.geff/nodes/props/x/zarr.json
Output file downloaded to E:\Project\Biohub_CellTracking\experiments\repro_038_public_0941_exact_copy\artifacts\tracking_repo/predictions/unknown/unet_transformer_val/split_0/6bba_07e24132.geff/nodes/props/y/values/zarr.json
Output file downloaded to E:\Project\Biohub_CellTracking\experiments\repro_038_public_0941_exact_copy\artifacts\tracking_repo/predictions/unknown/unet_transformer_val/split_0/6bba_07e24132.geff/nodes/props/y/zarr.json
Output file downloaded to E:\Project\Biohub_CellTracking\experiments\repro_038_public_0941_exact_copy\artifacts\tracking_repo/predictions/unknown/unet_transformer_val/split_0/6bba_07e24132.geff/nodes/props/z/values/zarr.json
Output file downloaded to E:\Project\Biohub_CellTracking\experiments\repro_038_public_0941_exact_copy\artifacts\tracking_repo/predictions/unknown/unet_transformer_val/split_0/6bba_07e24132.geff/nodes/props/z/zarr.json
Output file downloaded to E:\Project\Biohub_CellTracking\experiments\repro_038_public_0941_exact_copy\artifacts\tracking_repo/predictions/unknown/unet_transformer_val/split_0/6bba_07e24132.geff/nodes/props/zarr.json
Output file downloaded to E:\Project\Biohub_CellTracking\experiments\repro_038_public_0941_exact_copy\artifacts\tracking_repo/predictions/unknown/unet_transformer_val/split_0/6bba_07e24132.geff/nodes/zarr.json
Output file downloaded to E:\Project\Biohub_CellTracking\experiments\repro_038_public_0941_exact_copy\artifacts\tracking_repo/predictions/unknown/unet_transformer_val/split_0/6bba_07e24132.geff/zarr.json
Output file downloaded to E:\Project\Biohub_CellTracking\experiments\repro_038_public_0941_exact_copy\artifacts\validator_results.csv
Kernel log downloaded to E:\Project\Biohub_CellTracking\experiments\repro_038_public_0941_exact_copy\artifacts\biohub-repro038-public0941-exact-copy.log 

STDERR

