[2026-09-27T18:45:51+00:00] command=["E:\\Project\\Biohub_CellTracking\\.venv\\Scripts\\kaggle.EXE", "kernels", "output", "lingxd/biohub-exp071-ep015-rerun-repair", "-p", "E:\\Project\\Biohub_CellTracking\\experiments\\exp_071_ep015_hidden_rerun_repair\\artifacts", "--page-size", "200"]
exit_code=0
STDOUT
Output file downloaded to E:\Project\Biohub_CellTracking\experiments\exp_071_ep015_hidden_rerun_repair\artifacts\bidirectional_production_runtime_integrity.json
Output file downloaded to E:\Project\Biohub_CellTracking\experiments\exp_071_ep015_hidden_rerun_repair\artifacts\biohub_v9_runtime_report.json
Output file downloaded to E:\Project\Biohub_CellTracking\experiments\exp_071_ep015_hidden_rerun_repair\artifacts\detector_coordinates_harmonic_association_production_0_2.jsonl
Output file downloaded to E:\Project\Biohub_CellTracking\experiments\exp_071_ep015_hidden_rerun_repair\artifacts\detector_coordinates_harmonic_association_production_1_2.jsonl
Output file downloaded to E:\Project\Biohub_CellTracking\experiments\exp_071_ep015_hidden_rerun_repair\artifacts\dual_seed_frame_retention_guard_report.json
Output file downloaded to E:\Project\Biohub_CellTracking\experiments\exp_071_ep015_hidden_rerun_repair\artifacts\edge_cache/44b6_0113de3b.npz
Output file downloaded to E:\Project\Biohub_CellTracking\experiments\exp_071_ep015_hidden_rerun_repair\artifacts\edge_cache/44b6_0b24845f.npz
Output file downloaded to E:\Project\Biohub_CellTracking\experiments\exp_071_ep015_hidden_rerun_repair\artifacts\edge_cache/6bba_05b6850b.npz
Output file downloaded to E:\Project\Biohub_CellTracking\experiments\exp_071_ep015_hidden_rerun_repair\artifacts\edge_cache/6bba_05db0fb1.npz
Output file downloaded to E:\Project\Biohub_CellTracking\experiments\exp_071_ep015_hidden_rerun_repair\artifacts\metrics.json
Output file downloaded to E:\Project\Biohub_CellTracking\experiments\exp_071_ep015_hidden_rerun_repair\artifacts\ppsweep_selected.json
Output file downloaded to E:\Project\Biohub_CellTracking\experiments\exp_071_ep015_hidden_rerun_repair\artifacts\retention_guard_0_2.jsonl
Output file downloaded to E:\Project\Biohub_CellTracking\experiments\exp_071_ep015_hidden_rerun_repair\artifacts\retention_guard_1_2.jsonl
Output file downloaded to E:\Project\Biohub_CellTracking\experiments\exp_071_ep015_hidden_rerun_repair\artifacts\run_stats.csv
Output file downloaded to E:\Project\Biohub_CellTracking\experiments\exp_071_ep015_hidden_rerun_repair\artifacts\secondary_seed_weights/unet_transformer/split_0/SNAPSHOT_MANIFEST.json
Output file downloaded to E:\Project\Biohub_CellTracking\experiments\exp_071_ep015_hidden_rerun_repair\artifacts\secondary_seed_weights/unet_transformer/split_0/checkpoint_last.pth
Output file downloaded to E:\Project\Biohub_CellTracking\experiments\exp_071_ep015_hidden_rerun_repair\artifacts\secondary_seed_weights/unet_transformer/split_0/config.json
Output file downloaded to E:\Project\Biohub_CellTracking\experiments\exp_071_ep015_hidden_rerun_repair\artifacts\secondary_seed_weights/unet_transformer/split_0/edge_predictor_best.pth
Output file downloaded to E:\Project\Biohub_CellTracking\experiments\exp_071_ep015_hidden_rerun_repair\artifacts\secondary_seed_weights/unet_transformer/split_0/history.csv
Output file downloaded to E:\Project\Biohub_CellTracking\experiments\exp_071_ep015_hidden_rerun_repair\artifacts\secondary_seed_weights/unet_transformer/split_0/split_manifest.json
Output file downloaded to E:\Project\Biohub_CellTracking\experiments\exp_071_ep015_hidden_rerun_repair\artifacts\secondary_seed_weights/unet_transformer/split_0/training_config.json
Output file downloaded to E:\Project\Biohub_CellTracking\experiments\exp_071_ep015_hidden_rerun_repair\artifacts\submission.csv
Output file downloaded to E:\Project\Biohub_CellTracking\experiments\exp_071_ep015_hidden_rerun_repair\artifacts\submission_arm.csv
Output file downloaded to E:\Project\Biohub_CellTracking\experiments\exp_071_ep015_hidden_rerun_repair\artifacts\tracking_repo/kaggle_test_splits_50ep.json
Output file downloaded to E:\Project\Biohub_CellTracking\experiments\exp_071_ep015_hidden_rerun_repair\artifacts\tracking_repo/predictions/unknown/unet_transformer/split_0/44b6_0113de3b.geff/edges/ids/c/0/0
Output file downloaded to E:\Project\Biohub_CellTracking\experiments\exp_071_ep015_hidden_rerun_repair\artifacts\tracking_repo/predictions/unknown/unet_transformer/split_0/44b6_0113de3b.geff/edges/ids/zarr.json
Output file downloaded to E:\Project\Biohub_CellTracking\experiments\exp_071_ep015_hidden_rerun_repair\artifacts\tracking_repo/predictions/unknown/unet_transformer/split_0/44b6_0113de3b.geff/edges/props/edge_dist/values/c/0
Output file downloaded to E:\Project\Biohub_CellTracking\experiments\exp_071_ep015_hidden_rerun_repair\artifacts\tracking_repo/predictions/unknown/unet_transformer/split_0/44b6_0113de3b.geff/edges/props/edge_dist/values/zarr.json
Output file downloaded to E:\Project\Biohub_CellTracking\experiments\exp_071_ep015_hidden_rerun_repair\artifacts\tracking_repo/predictions/unknown/unet_transformer/split_0/44b6_0113de3b.geff/edges/props/edge_dist/zarr.json
Output file downloaded to E:\Project\Biohub_CellTracking\experiments\exp_071_ep015_hidden_rerun_repair\artifacts\tracking_repo/predictions/unknown/unet_transformer/split_0/44b6_0113de3b.geff/edges/props/edge_prob/values/c/0
Output file downloaded to E:\Project\Biohub_CellTracking\experiments\exp_071_ep015_hidden_rerun_repair\artifacts\tracking_repo/predictions/unknown/unet_transformer/split_0/44b6_0113de3b.geff/edges/props/edge_prob/values/zarr.json
Output file downloaded to E:\Project\Biohub_CellTracking\experiments\exp_071_ep015_hidden_rerun_repair\artifacts\tracking_repo/predictions/unknown/unet_transformer/split_0/44b6_0113de3b.geff/edges/props/edge_prob/zarr.json
Output file downloaded to E:\Project\Biohub_CellTracking\experiments\exp_071_ep015_hidden_rerun_repair\artifacts\tracking_repo/predictions/unknown/unet_transformer/split_0/44b6_0113de3b.geff/edges/props/solution/values/c/0
Output file downloaded to E:\Project\Biohub_CellTracking\experiments\exp_071_ep015_hidden_rerun_repair\artifacts\tracking_repo/predictions/unknown/unet_transformer/split_0/44b6_0113de3b.geff/edges/props/solution/values/zarr.json
Output file downloaded to E:\Project\Biohub_CellTracking\experiments\exp_071_ep015_hidden_rerun_repair\artifacts\tracking_repo/predictions/unknown/unet_transformer/split_0/44b6_0113de3b.geff/edges/props/solution/zarr.json
Output file downloaded to E:\Project\Biohub_CellTracking\experiments\exp_071_ep015_hidden_rerun_repair\artifacts\tracking_repo/predictions/unknown/unet_transformer/split_0/44b6_0113de3b.geff/edges/props/zarr.json
Output file downloaded to E:\Project\Biohub_CellTracking\experiments\exp_071_ep015_hidden_rerun_repair\artifacts\tracking_repo/predictions/unknown/unet_transformer/split_0/44b6_0113de3b.geff/edges/zarr.json
Output file downloaded to E:\Project\Biohub_CellTracking\experiments\exp_071_ep015_hidden_rerun_repair\artifacts\tracking_repo/predictions/unknown/unet_transformer/split_0/44b6_0113de3b.geff/nodes/ids/c/0
Output file downloaded to E:\Project\Biohub_CellTracking\experiments\exp_071_ep015_hidden_rerun_repair\artifacts\tracking_repo/predictions/unknown/unet_transformer/split_0/44b6_0113de3b.geff/nodes/ids/zarr.json
Output file downloaded to E:\Project\Biohub_CellTracking\experiments\exp_071_ep015_hidden_rerun_repair\artifacts\tracking_repo/predictions/unknown/unet_transformer/split_0/44b6_0113de3b.geff/nodes/props/solution/values/c/0
Output file downloaded to E:\Project\Biohub_CellTracking\experiments\exp_071_ep015_hidden_rerun_repair\artifacts\tracking_repo/predictions/unknown/unet_transformer/split_0/44b6_0113de3b.geff/nodes/props/solution/values/zarr.json
Output file downloaded to E:\Project\Biohub_CellTracking\experiments\exp_071_ep015_hidden_rerun_repair\artifacts\tracking_repo/predictions/unknown/unet_transformer/split_0/44b6_0113de3b.geff/nodes/props/solution/zarr.json
Output file downloaded to E:\Project\Biohub_CellTracking\experiments\exp_071_ep015_hidden_rerun_repair\artifacts\tracking_repo/predictions/unknown/unet_transformer/split_0/44b6_0113de3b.geff/nodes/props/t/values/c/0
Output file downloaded to E:\Project\Biohub_CellTracking\experiments\exp_071_ep015_hidden_rerun_repair\artifacts\tracking_repo/predictions/unknown/unet_transformer/split_0/44b6_0113de3b.geff/nodes/props/t/values/zarr.json
Output file downloaded to E:\Project\Biohub_CellTracking\experiments\exp_071_ep015_hidden_rerun_repair\artifacts\tracking_repo/predictions/unknown/unet_transformer/split_0/44b6_0113de3b.geff/nodes/props/t/zarr.json
Output file downloaded to E:\Project\Biohub_CellTracking\experiments\exp_071_ep015_hidden_rerun_repair\artifacts\tracking_repo/predictions/unknown/unet_transformer/split_0/44b6_0113de3b.geff/nodes/props/x/values/c/0
Output file downloaded to E:\Project\Biohub_CellTracking\experiments\exp_071_ep015_hidden_rerun_repair\artifacts\tracking_repo/predictions/unknown/unet_transformer/split_0/44b6_0113de3b.geff/nodes/props/x/values/zarr.json
Output file downloaded to E:\Project\Biohub_CellTracking\experiments\exp_071_ep015_hidden_rerun_repair\artifacts\tracking_repo/predictions/unknown/unet_transformer/split_0/44b6_0113de3b.geff/nodes/props/x/zarr.json
Output file downloaded to E:\Project\Biohub_CellTracking\experiments\exp_071_ep015_hidden_rerun_repair\artifacts\tracking_repo/predictions/unknown/unet_transformer/split_0/44b6_0113de3b.geff/nodes/props/y/values/c/0
Output file downloaded to E:\Project\Biohub_CellTracking\experiments\exp_071_ep015_hidden_rerun_repair\artifacts\tracking_repo/predictions/unknown/unet_transformer/split_0/44b6_0113de3b.geff/nodes/props/y/values/zarr.json
Output file downloaded to E:\Project\Biohub_CellTracking\experiments\exp_071_ep015_hidden_rerun_repair\artifacts\tracking_repo/predictions/unknown/unet_transformer/split_0/44b6_0113de3b.geff/nodes/props/y/zarr.json
Output file downloaded to E:\Project\Biohub_CellTracking\experiments\exp_071_ep015_hidden_rerun_repair\artifacts\tracking_repo/predictions/unknown/unet_transformer/split_0/44b6_0113de3b.geff/nodes/props/z/values/c/0
Output file downloaded to E:\Project\Biohub_CellTracking\experiments\exp_071_ep015_hidden_rerun_repair\artifacts\tracking_repo/predictions/unknown/unet_transformer/split_0/44b6_0113de3b.geff/nodes/props/z/values/zarr.json
Output file downloaded to E:\Project\Biohub_CellTracking\experiments\exp_071_ep015_hidden_rerun_repair\artifacts\tracking_repo/predictions/unknown/unet_transformer/split_0/44b6_0113de3b.geff/nodes/props/z/zarr.json
Output file downloaded to E:\Project\Biohub_CellTracking\experiments\exp_071_ep015_hidden_rerun_repair\artifacts\tracking_repo/predictions/unknown/unet_transformer/split_0/44b6_0113de3b.geff/nodes/props/zarr.json
Output file downloaded to E:\Project\Biohub_CellTracking\experiments\exp_071_ep015_hidden_rerun_repair\artifacts\tracking_repo/predictions/unknown/unet_transformer/split_0/44b6_0113de3b.geff/nodes/zarr.json
Output file downloaded to E:\Project\Biohub_CellTracking\experiments\exp_071_ep015_hidden_rerun_repair\artifacts\tracking_repo/predictions/unknown/unet_transformer/split_0/44b6_0113de3b.geff/zarr.json
Output file downloaded to E:\Project\Biohub_CellTracking\experiments\exp_071_ep015_hidden_rerun_repair\artifacts\tracking_repo/predictions/unknown/unet_transformer/split_0/44b6_0b24845f.geff/edges/ids/c/0/0
Output file downloaded to E:\Project\Biohub_CellTracking\experiments\exp_071_ep015_hidden_rerun_repair\artifacts\tracking_repo/predictions/unknown/unet_transformer/split_0/44b6_0b24845f.geff/edges/ids/zarr.json
Output file downloaded to E:\Project\Biohub_CellTracking\experiments\exp_071_ep015_hidden_rerun_repair\artifacts\tracking_repo/predictions/unknown/unet_transformer/split_0/44b6_0b24845f.geff/edges/props/edge_dist/values/c/0
Output file downloaded to E:\Project\Biohub_CellTracking\experiments\exp_071_ep015_hidden_rerun_repair\artifacts\tracking_repo/predictions/unknown/unet_transformer/split_0/44b6_0b24845f.geff/edges/props/edge_dist/values/zarr.json
Output file downloaded to E:\Project\Biohub_CellTracking\experiments\exp_071_ep015_hidden_rerun_repair\artifacts\tracking_repo/predictions/unknown/unet_transformer/split_0/44b6_0b24845f.geff/edges/props/edge_dist/zarr.json
Output file downloaded to E:\Project\Biohub_CellTracking\experiments\exp_071_ep015_hidden_rerun_repair\artifacts\tracking_repo/predictions/unknown/unet_transformer/split_0/44b6_0b24845f.geff/edges/props/edge_prob/values/c/0
Output file downloaded to E:\Project\Biohub_CellTracking\experiments\exp_071_ep015_hidden_rerun_repair\artifacts\tracking_repo/predictions/unknown/unet_transformer/split_0/44b6_0b24845f.geff/edges/props/edge_prob/values/zarr.json
Output file downloaded to E:\Project\Biohub_CellTracking\experiments\exp_071_ep015_hidden_rerun_repair\artifacts\tracking_repo/predictions/unknown/unet_transformer/split_0/44b6_0b24845f.geff/edges/props/edge_prob/zarr.json
Output file downloaded to E:\Project\Biohub_CellTracking\experiments\exp_071_ep015_hidden_rerun_repair\artifacts\tracking_repo/predictions/unknown/unet_transformer/split_0/44b6_0b24845f.geff/edges/props/solution/values/c/0
Output file downloaded to E:\Project\Biohub_CellTracking\experiments\exp_071_ep015_hidden_rerun_repair\artifacts\tracking_repo/predictions/unknown/unet_transformer/split_0/44b6_0b24845f.geff/edges/props/solution/values/zarr.json
Output file downloaded to E:\Project\Biohub_CellTracking\experiments\exp_071_ep015_hidden_rerun_repair\artifacts\tracking_repo/predictions/unknown/unet_transformer/split_0/44b6_0b24845f.geff/edges/props/solution/zarr.json
Output file downloaded to E:\Project\Biohub_CellTracking\experiments\exp_071_ep015_hidden_rerun_repair\artifacts\tracking_repo/predictions/unknown/unet_transformer/split_0/44b6_0b24845f.geff/edges/props/zarr.json
Output file downloaded to E:\Project\Biohub_CellTracking\experiments\exp_071_ep015_hidden_rerun_repair\artifacts\tracking_repo/predictions/unknown/unet_transformer/split_0/44b6_0b24845f.geff/edges/zarr.json
Output file downloaded to E:\Project\Biohub_CellTracking\experiments\exp_071_ep015_hidden_rerun_repair\artifacts\tracking_repo/predictions/unknown/unet_transformer/split_0/44b6_0b24845f.geff/nodes/ids/c/0
Output file downloaded to E:\Project\Biohub_CellTracking\experiments\exp_071_ep015_hidden_rerun_repair\artifacts\tracking_repo/predictions/unknown/unet_transformer/split_0/44b6_0b24845f.geff/nodes/ids/zarr.json
Output file downloaded to E:\Project\Biohub_CellTracking\experiments\exp_071_ep015_hidden_rerun_repair\artifacts\tracking_repo/predictions/unknown/unet_transformer/split_0/44b6_0b24845f.geff/nodes/props/solution/values/c/0
Output file downloaded to E:\Project\Biohub_CellTracking\experiments\exp_071_ep015_hidden_rerun_repair\artifacts\tracking_repo/predictions/unknown/unet_transformer/split_0/44b6_0b24845f.geff/nodes/props/solution/values/zarr.json
Output file downloaded to E:\Project\Biohub_CellTracking\experiments\exp_071_ep015_hidden_rerun_repair\artifacts\tracking_repo/predictions/unknown/unet_transformer/split_0/44b6_0b24845f.geff/nodes/props/solution/zarr.json
Output file downloaded to E:\Project\Biohub_CellTracking\experiments\exp_071_ep015_hidden_rerun_repair\artifacts\tracking_repo/predictions/unknown/unet_transformer/split_0/44b6_0b24845f.geff/nodes/props/t/values/c/0
Output file downloaded to E:\Project\Biohub_CellTracking\experiments\exp_071_ep015_hidden_rerun_repair\artifacts\tracking_repo/predictions/unknown/unet_transformer/split_0/44b6_0b24845f.geff/nodes/props/t/values/zarr.json
Output file downloaded to E:\Project\Biohub_CellTracking\experiments\exp_071_ep015_hidden_rerun_repair\artifacts\tracking_repo/predictions/unknown/unet_transformer/split_0/44b6_0b24845f.geff/nodes/props/t/zarr.json
Output file downloaded to E:\Project\Biohub_CellTracking\experiments\exp_071_ep015_hidden_rerun_repair\artifacts\tracking_repo/predictions/unknown/unet_transformer/split_0/44b6_0b24845f.geff/nodes/props/x/values/c/0
Output file downloaded to E:\Project\Biohub_CellTracking\experiments\exp_071_ep015_hidden_rerun_repair\artifacts\tracking_repo/predictions/unknown/unet_transformer/split_0/44b6_0b24845f.geff/nodes/props/x/values/zarr.json
Output file downloaded to E:\Project\Biohub_CellTracking\experiments\exp_071_ep015_hidden_rerun_repair\artifacts\tracking_repo/predictions/unknown/unet_transformer/split_0/44b6_0b24845f.geff/nodes/props/x/zarr.json
Output file downloaded to E:\Project\Biohub_CellTracking\experiments\exp_071_ep015_hidden_rerun_repair\artifacts\tracking_repo/predictions/unknown/unet_transformer/split_0/44b6_0b24845f.geff/nodes/props/y/values/c/0
Output file downloaded to E:\Project\Biohub_CellTracking\experiments\exp_071_ep015_hidden_rerun_repair\artifacts\tracking_repo/predictions/unknown/unet_transformer/split_0/44b6_0b24845f.geff/nodes/props/y/values/zarr.json
Output file downloaded to E:\Project\Biohub_CellTracking\experiments\exp_071_ep015_hidden_rerun_repair\artifacts\tracking_repo/predictions/unknown/unet_transformer/split_0/44b6_0b24845f.geff/nodes/props/y/zarr.json
Output file downloaded to E:\Project\Biohub_CellTracking\experiments\exp_071_ep015_hidden_rerun_repair\artifacts\tracking_repo/predictions/unknown/unet_transformer/split_0/44b6_0b24845f.geff/nodes/props/z/values/c/0
Output file downloaded to E:\Project\Biohub_CellTracking\experiments\exp_071_ep015_hidden_rerun_repair\artifacts\tracking_repo/predictions/unknown/unet_transformer/split_0/44b6_0b24845f.geff/nodes/props/z/values/zarr.json
Output file downloaded to E:\Project\Biohub_CellTracking\experiments\exp_071_ep015_hidden_rerun_repair\artifacts\tracking_repo/predictions/unknown/unet_transformer/split_0/44b6_0b24845f.geff/nodes/props/z/zarr.json
Output file downloaded to E:\Project\Biohub_CellTracking\experiments\exp_071_ep015_hidden_rerun_repair\artifacts\tracking_repo/predictions/unknown/unet_transformer/split_0/44b6_0b24845f.geff/nodes/props/zarr.json
Output file downloaded to E:\Project\Biohub_CellTracking\experiments\exp_071_ep015_hidden_rerun_repair\artifacts\tracking_repo/predictions/unknown/unet_transformer/split_0/44b6_0b24845f.geff/nodes/zarr.json
Output file downloaded to E:\Project\Biohub_CellTracking\experiments\exp_071_ep015_hidden_rerun_repair\artifacts\tracking_repo/predictions/unknown/unet_transformer/split_0/44b6_0b24845f.geff/zarr.json
Output file downloaded to E:\Project\Biohub_CellTracking\experiments\exp_071_ep015_hidden_rerun_repair\artifacts\tracking_repo/predictions/unknown/unet_transformer/split_0/6bba_05b6850b.geff/edges/ids/c/0/0
Output file downloaded to E:\Project\Biohub_CellTracking\experiments\exp_071_ep015_hidden_rerun_repair\artifacts\tracking_repo/predictions/unknown/unet_transformer/split_0/6bba_05b6850b.geff/edges/ids/zarr.json
Output file downloaded to E:\Project\Biohub_CellTracking\experiments\exp_071_ep015_hidden_rerun_repair\artifacts\tracking_repo/predictions/unknown/unet_transformer/split_0/6bba_05b6850b.geff/edges/props/edge_dist/values/c/0
Output file downloaded to E:\Project\Biohub_CellTracking\experiments\exp_071_ep015_hidden_rerun_repair\artifacts\tracking_repo/predictions/unknown/unet_transformer/split_0/6bba_05b6850b.geff/edges/props/edge_dist/values/zarr.json
Output file downloaded to E:\Project\Biohub_CellTracking\experiments\exp_071_ep015_hidden_rerun_repair\artifacts\tracking_repo/predictions/unknown/unet_transformer/split_0/6bba_05b6850b.geff/edges/props/edge_dist/zarr.json
Output file downloaded to E:\Project\Biohub_CellTracking\experiments\exp_071_ep015_hidden_rerun_repair\artifacts\tracking_repo/predictions/unknown/unet_transformer/split_0/6bba_05b6850b.geff/edges/props/edge_prob/values/c/0
Output file downloaded to E:\Project\Biohub_CellTracking\experiments\exp_071_ep015_hidden_rerun_repair\artifacts\tracking_repo/predictions/unknown/unet_transformer/split_0/6bba_05b6850b.geff/edges/props/edge_prob/values/zarr.json
Output file downloaded to E:\Project\Biohub_CellTracking\experiments\exp_071_ep015_hidden_rerun_repair\artifacts\tracking_repo/predictions/unknown/unet_transformer/split_0/6bba_05b6850b.geff/edges/props/edge_prob/zarr.json
Output file downloaded to E:\Project\Biohub_CellTracking\experiments\exp_071_ep015_hidden_rerun_repair\artifacts\tracking_repo/predictions/unknown/unet_transformer/split_0/6bba_05b6850b.geff/edges/props/solution/values/c/0
Output file downloaded to E:\Project\Biohub_CellTracking\experiments\exp_071_ep015_hidden_rerun_repair\artifacts\tracking_repo/predictions/unknown/unet_transformer/split_0/6bba_05b6850b.geff/edges/props/solution/values/zarr.json
Output file downloaded to E:\Project\Biohub_CellTracking\experiments\exp_071_ep015_hidden_rerun_repair\artifacts\tracking_repo/predictions/unknown/unet_transformer/split_0/6bba_05b6850b.geff/edges/props/solution/zarr.json
Output file downloaded to E:\Project\Biohub_CellTracking\experiments\exp_071_ep015_hidden_rerun_repair\artifacts\tracking_repo/predictions/unknown/unet_transformer/split_0/6bba_05b6850b.geff/edges/props/zarr.json
Output file downloaded to E:\Project\Biohub_CellTracking\experiments\exp_071_ep015_hidden_rerun_repair\artifacts\tracking_repo/predictions/unknown/unet_transformer/split_0/6bba_05b6850b.geff/edges/zarr.json
Output file downloaded to E:\Project\Biohub_CellTracking\experiments\exp_071_ep015_hidden_rerun_repair\artifacts\tracking_repo/predictions/unknown/unet_transformer/split_0/6bba_05b6850b.geff/nodes/ids/c/0
Output file downloaded to E:\Project\Biohub_CellTracking\experiments\exp_071_ep015_hidden_rerun_repair\artifacts\tracking_repo/predictions/unknown/unet_transformer/split_0/6bba_05b6850b.geff/nodes/ids/zarr.json
Output file downloaded to E:\Project\Biohub_CellTracking\experiments\exp_071_ep015_hidden_rerun_repair\artifacts\tracking_repo/predictions/unknown/unet_transformer/split_0/6bba_05b6850b.geff/nodes/props/solution/values/c/0
Output file downloaded to E:\Project\Biohub_CellTracking\experiments\exp_071_ep015_hidden_rerun_repair\artifacts\tracking_repo/predictions/unknown/unet_transformer/split_0/6bba_05b6850b.geff/nodes/props/solution/values/zarr.json
Output file downloaded to E:\Project\Biohub_CellTracking\experiments\exp_071_ep015_hidden_rerun_repair\artifacts\tracking_repo/predictions/unknown/unet_transformer/split_0/6bba_05b6850b.geff/nodes/props/solution/zarr.json
Output file downloaded to E:\Project\Biohub_CellTracking\experiments\exp_071_ep015_hidden_rerun_repair\artifacts\tracking_repo/predictions/unknown/unet_transformer/split_0/6bba_05b6850b.geff/nodes/props/t/values/c/0
Output file downloaded to E:\Project\Biohub_CellTracking\experiments\exp_071_ep015_hidden_rerun_repair\artifacts\tracking_repo/predictions/unknown/unet_transformer/split_0/6bba_05b6850b.geff/nodes/props/t/values/zarr.json
Output file downloaded to E:\Project\Biohub_CellTracking\experiments\exp_071_ep015_hidden_rerun_repair\artifacts\tracking_repo/predictions/unknown/unet_transformer/split_0/6bba_05b6850b.geff/nodes/props/t/zarr.json
Output file downloaded to E:\Project\Biohub_CellTracking\experiments\exp_071_ep015_hidden_rerun_repair\artifacts\tracking_repo/predictions/unknown/unet_transformer/split_0/6bba_05b6850b.geff/nodes/props/x/values/c/0
Output file downloaded to E:\Project\Biohub_CellTracking\experiments\exp_071_ep015_hidden_rerun_repair\artifacts\tracking_repo/predictions/unknown/unet_transformer/split_0/6bba_05b6850b.geff/nodes/props/x/values/zarr.json
Output file downloaded to E:\Project\Biohub_CellTracking\experiments\exp_071_ep015_hidden_rerun_repair\artifacts\tracking_repo/predictions/unknown/unet_transformer/split_0/6bba_05b6850b.geff/nodes/props/x/zarr.json
Output file downloaded to E:\Project\Biohub_CellTracking\experiments\exp_071_ep015_hidden_rerun_repair\artifacts\tracking_repo/predictions/unknown/unet_transformer/split_0/6bba_05b6850b.geff/nodes/props/y/values/c/0
Output file downloaded to E:\Project\Biohub_CellTracking\experiments\exp_071_ep015_hidden_rerun_repair\artifacts\tracking_repo/predictions/unknown/unet_transformer/split_0/6bba_05b6850b.geff/nodes/props/y/values/zarr.json
Output file downloaded to E:\Project\Biohub_CellTracking\experiments\exp_071_ep015_hidden_rerun_repair\artifacts\tracking_repo/predictions/unknown/unet_transformer/split_0/6bba_05b6850b.geff/nodes/props/y/zarr.json
Output file downloaded to E:\Project\Biohub_CellTracking\experiments\exp_071_ep015_hidden_rerun_repair\artifacts\tracking_repo/predictions/unknown/unet_transformer/split_0/6bba_05b6850b.geff/nodes/props/z/values/c/0
Output file downloaded to E:\Project\Biohub_CellTracking\experiments\exp_071_ep015_hidden_rerun_repair\artifacts\tracking_repo/predictions/unknown/unet_transformer/split_0/6bba_05b6850b.geff/nodes/props/z/values/zarr.json
Output file downloaded to E:\Project\Biohub_CellTracking\experiments\exp_071_ep015_hidden_rerun_repair\artifacts\tracking_repo/predictions/unknown/unet_transformer/split_0/6bba_05b6850b.geff/nodes/props/z/zarr.json
Output file downloaded to E:\Project\Biohub_CellTracking\experiments\exp_071_ep015_hidden_rerun_repair\artifacts\tracking_repo/predictions/unknown/unet_transformer/split_0/6bba_05b6850b.geff/nodes/props/zarr.json
Output file downloaded to E:\Project\Biohub_CellTracking\experiments\exp_071_ep015_hidden_rerun_repair\artifacts\tracking_repo/predictions/unknown/unet_transformer/split_0/6bba_05b6850b.geff/nodes/zarr.json
Output file downloaded to E:\Project\Biohub_CellTracking\experiments\exp_071_ep015_hidden_rerun_repair\artifacts\tracking_repo/predictions/unknown/unet_transformer/split_0/6bba_05b6850b.geff/zarr.json
Output file downloaded to E:\Project\Biohub_CellTracking\experiments\exp_071_ep015_hidden_rerun_repair\artifacts\tracking_repo/predictions/unknown/unet_transformer/split_0/6bba_05db0fb1.geff/edges/ids/c/0/0
Output file downloaded to E:\Project\Biohub_CellTracking\experiments\exp_071_ep015_hidden_rerun_repair\artifacts\tracking_repo/predictions/unknown/unet_transformer/split_0/6bba_05db0fb1.geff/edges/ids/zarr.json
Output file downloaded to E:\Project\Biohub_CellTracking\experiments\exp_071_ep015_hidden_rerun_repair\artifacts\tracking_repo/predictions/unknown/unet_transformer/split_0/6bba_05db0fb1.geff/edges/props/edge_dist/values/c/0
Output file downloaded to E:\Project\Biohub_CellTracking\experiments\exp_071_ep015_hidden_rerun_repair\artifacts\tracking_repo/predictions/unknown/unet_transformer/split_0/6bba_05db0fb1.geff/edges/props/edge_dist/values/zarr.json
Output file downloaded to E:\Project\Biohub_CellTracking\experiments\exp_071_ep015_hidden_rerun_repair\artifacts\tracking_repo/predictions/unknown/unet_transformer/split_0/6bba_05db0fb1.geff/edges/props/edge_dist/zarr.json
Output file downloaded to E:\Project\Biohub_CellTracking\experiments\exp_071_ep015_hidden_rerun_repair\artifacts\tracking_repo/predictions/unknown/unet_transformer/split_0/6bba_05db0fb1.geff/edges/props/edge_prob/values/c/0
Output file downloaded to E:\Project\Biohub_CellTracking\experiments\exp_071_ep015_hidden_rerun_repair\artifacts\tracking_repo/predictions/unknown/unet_transformer/split_0/6bba_05db0fb1.geff/edges/props/edge_prob/values/zarr.json
Output file downloaded to E:\Project\Biohub_CellTracking\experiments\exp_071_ep015_hidden_rerun_repair\artifacts\tracking_repo/predictions/unknown/unet_transformer/split_0/6bba_05db0fb1.geff/edges/props/edge_prob/zarr.json
Output file downloaded to E:\Project\Biohub_CellTracking\experiments\exp_071_ep015_hidden_rerun_repair\artifacts\tracking_repo/predictions/unknown/unet_transformer/split_0/6bba_05db0fb1.geff/edges/props/solution/values/c/0
Output file downloaded to E:\Project\Biohub_CellTracking\experiments\exp_071_ep015_hidden_rerun_repair\artifacts\tracking_repo/predictions/unknown/unet_transformer/split_0/6bba_05db0fb1.geff/edges/props/solution/values/zarr.json
Output file downloaded to E:\Project\Biohub_CellTracking\experiments\exp_071_ep015_hidden_rerun_repair\artifacts\tracking_repo/predictions/unknown/unet_transformer/split_0/6bba_05db0fb1.geff/edges/props/solution/zarr.json
Output file downloaded to E:\Project\Biohub_CellTracking\experiments\exp_071_ep015_hidden_rerun_repair\artifacts\tracking_repo/predictions/unknown/unet_transformer/split_0/6bba_05db0fb1.geff/edges/props/zarr.json
Output file downloaded to E:\Project\Biohub_CellTracking\experiments\exp_071_ep015_hidden_rerun_repair\artifacts\tracking_repo/predictions/unknown/unet_transformer/split_0/6bba_05db0fb1.geff/edges/zarr.json
Output file downloaded to E:\Project\Biohub_CellTracking\experiments\exp_071_ep015_hidden_rerun_repair\artifacts\tracking_repo/predictions/unknown/unet_transformer/split_0/6bba_05db0fb1.geff/nodes/ids/c/0
Output file downloaded to E:\Project\Biohub_CellTracking\experiments\exp_071_ep015_hidden_rerun_repair\artifacts\tracking_repo/predictions/unknown/unet_transformer/split_0/6bba_05db0fb1.geff/nodes/ids/zarr.json
Output file downloaded to E:\Project\Biohub_CellTracking\experiments\exp_071_ep015_hidden_rerun_repair\artifacts\tracking_repo/predictions/unknown/unet_transformer/split_0/6bba_05db0fb1.geff/nodes/props/solution/values/c/0
Output file downloaded to E:\Project\Biohub_CellTracking\experiments\exp_071_ep015_hidden_rerun_repair\artifacts\tracking_repo/predictions/unknown/unet_transformer/split_0/6bba_05db0fb1.geff/nodes/props/solution/values/zarr.json
Output file downloaded to E:\Project\Biohub_CellTracking\experiments\exp_071_ep015_hidden_rerun_repair\artifacts\tracking_repo/predictions/unknown/unet_transformer/split_0/6bba_05db0fb1.geff/nodes/props/solution/zarr.json
Output file downloaded to E:\Project\Biohub_CellTracking\experiments\exp_071_ep015_hidden_rerun_repair\artifacts\tracking_repo/predictions/unknown/unet_transformer/split_0/6bba_05db0fb1.geff/nodes/props/t/values/c/0
Output file downloaded to E:\Project\Biohub_CellTracking\experiments\exp_071_ep015_hidden_rerun_repair\artifacts\tracking_repo/predictions/unknown/unet_transformer/split_0/6bba_05db0fb1.geff/nodes/props/t/values/zarr.json
Output file downloaded to E:\Project\Biohub_CellTracking\experiments\exp_071_ep015_hidden_rerun_repair\artifacts\tracking_repo/predictions/unknown/unet_transformer/split_0/6bba_05db0fb1.geff/nodes/props/t/zarr.json
Output file downloaded to E:\Project\Biohub_CellTracking\experiments\exp_071_ep015_hidden_rerun_repair\artifacts\tracking_repo/predictions/unknown/unet_transformer/split_0/6bba_05db0fb1.geff/nodes/props/x/values/c/0
Output file downloaded to E:\Project\Biohub_CellTracking\experiments\exp_071_ep015_hidden_rerun_repair\artifacts\tracking_repo/predictions/unknown/unet_transformer/split_0/6bba_05db0fb1.geff/nodes/props/x/values/zarr.json
Output file downloaded to E:\Project\Biohub_CellTracking\experiments\exp_071_ep015_hidden_rerun_repair\artifacts\tracking_repo/predictions/unknown/unet_transformer/split_0/6bba_05db0fb1.geff/nodes/props/x/zarr.json
Output file downloaded to E:\Project\Biohub_CellTracking\experiments\exp_071_ep015_hidden_rerun_repair\artifacts\tracking_repo/predictions/unknown/unet_transformer/split_0/6bba_05db0fb1.geff/nodes/props/y/values/c/0
Output file downloaded to E:\Project\Biohub_CellTracking\experiments\exp_071_ep015_hidden_rerun_repair\artifacts\tracking_repo/predictions/unknown/unet_transformer/split_0/6bba_05db0fb1.geff/nodes/props/y/values/zarr.json
Output file downloaded to E:\Project\Biohub_CellTracking\experiments\exp_071_ep015_hidden_rerun_repair\artifacts\tracking_repo/predictions/unknown/unet_transformer/split_0/6bba_05db0fb1.geff/nodes/props/y/zarr.json
Output file downloaded to E:\Project\Biohub_CellTracking\experiments\exp_071_ep015_hidden_rerun_repair\artifacts\tracking_repo/predictions/unknown/unet_transformer/split_0/6bba_05db0fb1.geff/nodes/props/z/values/c/0
Output file downloaded to E:\Project\Biohub_CellTracking\experiments\exp_071_ep015_hidden_rerun_repair\artifacts\tracking_repo/predictions/unknown/unet_transformer/split_0/6bba_05db0fb1.geff/nodes/props/z/values/zarr.json
Output file downloaded to E:\Project\Biohub_CellTracking\experiments\exp_071_ep015_hidden_rerun_repair\artifacts\tracking_repo/predictions/unknown/unet_transformer/split_0/6bba_05db0fb1.geff/nodes/props/z/zarr.json
Output file downloaded to E:\Project\Biohub_CellTracking\experiments\exp_071_ep015_hidden_rerun_repair\artifacts\tracking_repo/predictions/unknown/unet_transformer/split_0/6bba_05db0fb1.geff/nodes/props/zarr.json
Output file downloaded to E:\Project\Biohub_CellTracking\experiments\exp_071_ep015_hidden_rerun_repair\artifacts\tracking_repo/predictions/unknown/unet_transformer/split_0/6bba_05db0fb1.geff/nodes/zarr.json
Output file downloaded to E:\Project\Biohub_CellTracking\experiments\exp_071_ep015_hidden_rerun_repair\artifacts\tracking_repo/predictions/unknown/unet_transformer/split_0/6bba_05db0fb1.geff/zarr.json
Output file downloaded to E:\Project\Biohub_CellTracking\experiments\exp_071_ep015_hidden_rerun_repair\artifacts\tracking_repo/scripts/__pycache__/augmentations.cpython-312.pyc
Output file downloaded to E:\Project\Biohub_CellTracking\experiments\exp_071_ep015_hidden_rerun_repair\artifacts\tracking_repo/scripts/__pycache__/dataspec.cpython-312.pyc
Output file downloaded to E:\Project\Biohub_CellTracking\experiments\exp_071_ep015_hidden_rerun_repair\artifacts\tracking_repo/scripts/__pycache__/evaluate.cpython-312.pyc
Output file downloaded to E:\Project\Biohub_CellTracking\experiments\exp_071_ep015_hidden_rerun_repair\artifacts\tracking_repo/scripts/__pycache__/train_unet_transformer.cpython-312.pyc
Output file downloaded to E:\Project\Biohub_CellTracking\experiments\exp_071_ep015_hidden_rerun_repair\artifacts\tracking_repo/scripts/__pycache__/v1284_coordinate_refinement.cpython-312.pyc
Output file downloaded to E:\Project\Biohub_CellTracking\experiments\exp_071_ep015_hidden_rerun_repair\artifacts\tracking_repo/scripts/augmentations.py
Output file downloaded to E:\Project\Biohub_CellTracking\experiments\exp_071_ep015_hidden_rerun_repair\artifacts\tracking_repo/scripts/dataspec.py
Output file downloaded to E:\Project\Biohub_CellTracking\experiments\exp_071_ep015_hidden_rerun_repair\artifacts\tracking_repo/scripts/evaluate.py
Output file downloaded to E:\Project\Biohub_CellTracking\experiments\exp_071_ep015_hidden_rerun_repair\artifacts\tracking_repo/scripts/predict_unet_transformer.py
Output file downloaded to E:\Project\Biohub_CellTracking\experiments\exp_071_ep015_hidden_rerun_repair\artifacts\tracking_repo/scripts/train_unet_transformer.py
Output file downloaded to E:\Project\Biohub_CellTracking\experiments\exp_071_ep015_hidden_rerun_repair\artifacts\tracking_repo/scripts/v1284_coordinate_refinement.py
Output file downloaded to E:\Project\Biohub_CellTracking\experiments\exp_071_ep015_hidden_rerun_repair\artifacts\tracking_repo/src/biohub_tracking/__init__.py
Output file downloaded to E:\Project\Biohub_CellTracking\experiments\exp_071_ep015_hidden_rerun_repair\artifacts\tracking_repo/src/biohub_tracking/__pycache__/__init__.cpython-312.pyc
Output file downloaded to E:\Project\Biohub_CellTracking\experiments\exp_071_ep015_hidden_rerun_repair\artifacts\tracking_repo/src/biohub_tracking/__pycache__/io.cpython-312.pyc
Output file downloaded to E:\Project\Biohub_CellTracking\experiments\exp_071_ep015_hidden_rerun_repair\artifacts\tracking_repo/src/biohub_tracking/__pycache__/metrics.cpython-312.pyc
Output file downloaded to E:\Project\Biohub_CellTracking\experiments\exp_071_ep015_hidden_rerun_repair\artifacts\tracking_repo/src/biohub_tracking/division_metrics.py
Output file downloaded to E:\Project\Biohub_CellTracking\experiments\exp_071_ep015_hidden_rerun_repair\artifacts\tracking_repo/src/biohub_tracking/img_proc.py
Output file downloaded to E:\Project\Biohub_CellTracking\experiments\exp_071_ep015_hidden_rerun_repair\artifacts\tracking_repo/src/biohub_tracking/io.py
Output file downloaded to E:\Project\Biohub_CellTracking\experiments\exp_071_ep015_hidden_rerun_repair\artifacts\tracking_repo/src/biohub_tracking/metrics.py
Output file downloaded to E:\Project\Biohub_CellTracking\experiments\exp_071_ep015_hidden_rerun_repair\artifacts\tracking_repo/src/biohub_tracking/models/__init__.py
Output file downloaded to E:\Project\Biohub_CellTracking\experiments\exp_071_ep015_hidden_rerun_repair\artifacts\tracking_repo/src/biohub_tracking/models/__pycache__/__init__.cpython-312.pyc
Output file downloaded to E:\Project\Biohub_CellTracking\experiments\exp_071_ep015_hidden_rerun_repair\artifacts\tracking_repo/src/biohub_tracking/models/__pycache__/simple_node_transformer.cpython-312.pyc
Output file downloaded to E:\Project\Biohub_CellTracking\experiments\exp_071_ep015_hidden_rerun_repair\artifacts\tracking_repo/src/biohub_tracking/models/__pycache__/temporal_unet.cpython-312.pyc
Output file downloaded to E:\Project\Biohub_CellTracking\experiments\exp_071_ep015_hidden_rerun_repair\artifacts\tracking_repo/src/biohub_tracking/models/simple_node_transformer.py
Output file downloaded to E:\Project\Biohub_CellTracking\experiments\exp_071_ep015_hidden_rerun_repair\artifacts\tracking_repo/src/biohub_tracking/models/temporal_unet.py
Kernel log downloaded to E:\Project\Biohub_CellTracking\experiments\exp_071_ep015_hidden_rerun_repair\artifacts\biohub-exp071-ep015-rerun-repair.log 

STDERR

