[{"stream_name":"stderr","time":12.412274188,"data":"0.00s - Debugger warning: It seems that frozen modules are being used, which may\n"}
,{"stream_name":"stderr","time":12.412341638000001,"data":"0.00s - make the debugger miss breakpoints. Please pass -Xfrozen_modules=off\n"}
,{"stream_name":"stderr","time":12.412349885,"data":"0.00s - to python to disable frozen modules.\n"}
,{"stream_name":"stderr","time":12.412354945,"data":"0.00s - Note: Debugging will proceed. Set PYDEVD_DISABLE_FILE_VALIDATION=1 to disable this validation.\n"}
,{"stream_name":"stderr","time":13.412279228,"data":"0.00s - Debugger warning: It seems that frozen modules are being used, which may\n"}
,{"stream_name":"stderr","time":13.412332514,"data":"0.00s - make the debugger miss breakpoints. Please pass -Xfrozen_modules=off\n"}
,{"stream_name":"stderr","time":13.412339019,"data":"0.00s - to python to disable frozen modules.\n"}
,{"stream_name":"stderr","time":13.412343371,"data":"0.00s - Note: Debugging will proceed. Set PYDEVD_DISABLE_FILE_VALIDATION=1 to disable this validation.\n"}
,{"stream_name":"stdout","time":271.198619329,"data":"REPO = /kaggle/input/datasets/pilkwang/biohub-tracking-support-pack-50ep-v1/repo\n"}
,{"stream_name":"stdout","time":276.21394932,"data":"Dependency check failed: {'tracksdata': \"ModuleNotFoundError: No module named 'tracksdata'\", 'geff': \"ModuleNotFoundError: No module named 'geff'\", 'geff_spec': \"ModuleNotFoundError: No module named 'geff_spec'\", 'zarr': \"ModuleNotFoundError: No module named 'zarr'\", 'pyscipopt': \"ModuleNotFoundError: No module named 'pyscipopt'\", 'ilpy': \"ModuleNotFoundError: No module named 'ilpy'\", 'donfig': \"ModuleNotFoundError: No module named 'donfig'\", 'numcodecs': \"ModuleNotFoundError: No module named 'numcodecs'\", 'imagecodecs': \"ModuleNotFoundError: No module named 'imagecodecs'\", 'rustworkx': \"ModuleNotFoundError: No module named 'rustworkx'\", 'polars': 'polars 1.35.2 unusable (old or binary missing)'}\n"}
,{"stream_name":"stdout","time":409.224336545,"data":"Installing from offline wheels: [PosixPath('/kaggle/input/datasets/pilkwang/biohub-tracking-support-pack-50ep-v1/wheels')]\n"}
,{"stream_name":"stdout","time":422.15924435,"data":"dy satisfied: dask in /usr/local/lib/python3.12/dist-packages (2026.3.0)\n"}
,{"stream_name":"stdout","time":422.159335401,"data":"Processing /kaggle/input/datasets/pilkwang/biohub-tracking-support-pack-50ep-v1/wheels/imagecodecs-2026.6.26-cp312-abi3-manylinux_2_28_x86_64.whl\n"}
,{"stream_name":"stdout","time":422.159354553,"data":"Requirement already satisfied: scikit-image\u003e=0.24 in /usr/local/lib/python3.12/dist-packages (0.25.2)\n"}
,{"stream_name":"stdout","time":422.159359549,"data":"Requirement already satisfied: pyarrow in /usr/local/lib/python3.12/dist-packages (24.0.0)\n"}
,{"stream_name":"stdout","time":422.15936407,"data":"Processing /kaggle/input/datasets/pilkwang/biohub-tracking-support-pack-50ep-v1/wheels/rustworkx-0.18.0-cp310-abi3-manylinux2014_x86_64.manylinux_2_17_x86_64.whl\n"}
,{"stream_name":"stdout","time":422.159368116,"data":"Requirement already satisfied: sqlalchemy\u003e=2 in /usr/local/lib/python3.12/dist-packages (2.0.49)\n"}
,{"stream_name":"stdout","time":422.159372081,"data":"Processing /kaggle/input/datasets/pilkwang/biohub-tracking-support-pack-50ep-v1/wheels/numcodecs-0.15.1-cp312-cp312-manylinux_2_17_x86_64.manylinux2014_x86_64.whl\n"}
,{"stream_name":"stdout","time":422.15937604,"data":"Processing /kaggle/input/datasets/pilkwang/biohub-tracking-support-pack-50ep-v1/wheels/donfig-0.8.1.post1-py3-none-any.whl\n"}
,{"stream_name":"stdout","time":422.159379791,"data":"Requirement already satisfied: google-crc32c\u003e=1.5 in /usr/local/lib/python3.12/dist-packages (1.8.0)\n"}
,{"stream_name":"stdout","time":422.159383621,"data":"Processing /kaggle/input/datasets/pilkwang/biohub-tracking-support-pack-50ep-v1/wheels/bidict-0.23.1-py3-none-any.whl\n"}
,{"stream_name":"stdout","time":422.159404556,"data":"Requirement already satisfied: psygnal\u003e=0.14 in /usr/local/lib/python3.12/dist-packages (0.15.1)\n"}
,{"stream_name":"stdout","time":422.159407904,"data":"Requirement already satisfied: rich in /usr/local/lib/python3.12/dist-packages (13.9.4)\n"}
,{"stream_name":"stdout","time":422.159410872,"data":"Requirement already satisfied: networkx\u003e=3.2.1 in /usr/local/lib/python3.12/dist-packages (3.6.1)\n"}
,{"stream_name":"stdout","time":422.159413801,"data":"Requirement already satisfied: pydantic\u003e=2.11 in /usr/local/lib/python3.12/dist-packages (2.12.3)\n"}
,{"stream_name":"stdout","time":422.159416621,"data":"Requirement already satisfied: pydantic-core in /usr/local/lib/python3.12/dist-packages (2.41.4)\n"}
,{"stream_name":"stdout","time":422.159419425,"data":"Requirement already satisfied: annotated-types in /usr/local/lib/python3.12/dist-packages (0.7.0)\n"}
,{"stream_name":"stdout","time":422.159422221,"data":"Requirement already satisfied: typing-extensions\u003e=4.13 in /usr/local/lib/python3.12/dist-packages (4.15.0)\n"}
,{"stream_name":"stdout","time":422.159425139,"data":"Requirement already satisfied: typing-inspection in /usr/local/lib/python3.12/dist-packages (0.4.2)\n"}
,{"stream_name":"stdout","time":422.159428989,"data":"Requirement already satisfied: markdown-it-py in /usr/local/lib/python3.12/dist-packages (4.0.0)\n"}
,{"stream_name":"stdout","time":422.159431825,"data":"Requirement already satisfied: pygments in /usr/local/lib/python3.12/dist-packages (2.20.0)\n"}
,{"stream_name":"stdout","time":422.159434643,"data":"Requirement already satisfied: click in /usr/local/lib/python3.12/dist-packages (8.3.3)\n"}
,{"stream_name":"stdout","time":422.159437512,"data":"Requirement already satisfied: cloudpickle in /usr/local/lib/python3.12/dist-packages (3.1.2)\n"}
,{"stream_name":"stdout","time":422.159440313,"data":"Requirement already satisfied: fsspec in /usr/local/lib/python3.12/dist-packages (2025.3.0)\n"}
,{"stream_name":"stdout","time":422.159443075,"data":"Requirement already satisfied: partd in /usr/local/lib/python3.12/dist-packages (1.4.2)\n"}
,{"stream_name":"stdout","time":422.15944583,"data":"Requirement already satisfied: locket in /usr/local/lib/python3.12/dist-packages (1.0.0)\n"}
,{"stream_name":"stdout","time":422.159448668,"data":"Requirement already satisfied: toolz in /usr/local/lib/python3.12/dist-packages (0.12.1)\n"}
,{"stream_name":"stdout","time":422.159451411,"data":"Requirement already satisfied: pyyaml in /usr/local/lib/python3.12/dist-packages (6.0.3)\n"}
,{"stream_name":"stdout","time":422.159454155,"data":"Requirement already satisfied: ndindex in /usr/local/lib/python3.12/dist-packages (1.10.1)\n"}
,{"stream_name":"stdout","time":422.159456946,"data":"Requirement already satisfied: msgpack in /usr/local/lib/python3.12/dist-packages (1.1.2)\n"}
,{"stream_name":"stdout","time":422.159459781,"data":"Requirement already satisfied: numexpr in /usr/local/lib/python3.12/dist-packages (2.14.1)\n"}
,{"stream_name":"stdout","time":422.159499423,"data":"Requirement already satisfied: deprecated in /usr/local/lib/python3.12/dist-packages (1.3.1)\n"}
,{"stream_name":"stdout","time":422.159505148,"data":"Requirement already satisfied: wrapt in /usr/local/lib/python3.12/dist-packages (2.1.2)\n"}
,{"stream_name":"stdout","time":422.159509367,"data":"Installing collected packages: zarr, tracksdata, rustworkx, pyscipopt, polars-runtime-32, polars, numcodecs, imagecodecs, ilpy, geff-spec, geff, donfig, bidict\n"}
,{"stream_name":"stdout","time":422.159513722,"data":"  Attempting uninstall: polars-runtime-32\n"}
,{"stream_name":"stdout","time":422.159517697,"data":"    Found existing installation: polars-runtime-32 1.35.2\n"}
,{"stream_name":"stdout","time":422.159556885,"data":"    Uninstalling polars-runtime-32-1.35.2:\n"}
,{"stream_name":"stdout","time":422.159560293,"data":"      Successfully uninstalled polars-runtime-32-1.35.2\n"}
,{"stream_name":"stdout","time":422.159563106,"data":"  Attempting uninstall: polars\n"}
,{"stream_name":"stdout","time":422.159565973,"data":"    Found existing installation: polars 1.35.2\n"}
,{"stream_name":"stdout","time":422.159568785,"data":"    Uninstalling polars-1.35.2:\n"}
,{"stream_name":"stdout","time":422.159571498,"data":"      Successfully uninstalled polars-1.35.2\n"}
,{"stream_name":"stdout","time":422.159574309,"data":"Successfully installed bidict-0.23.1 donfig-0.8.1.post1 geff-1.2.0.1.1 geff-spec-1.1.1 ilpy-0.6.0 imagecodecs-2026.6.26 numcodecs-0.15.1 polars-1.42.0 polars-runtime-32-1.42.0 pyscipopt-6.2.1 rustworkx-0.18.0 tracksdata-0.1.0rc6.dev3+g980c2d30a zarr-3.2.1\n"}
,{"stream_name":"stdout","time":422.159578899,"data":"\n"}
,{"stream_name":"stdout","time":430.717571556,"data":"tracksdata 0.1.0rc6.dev3+g980c2d30a | geff 1.2.0.1.1 | zarr 3.2.1 | polars 1.42.0 (binary OK)\n"}
,{"stream_name":"stderr","time":652.074068268,"data":"Traceback (most recent call last):\n"}
,{"stream_name":"stderr","time":652.074164397,"data":"  File \"\u003cstring\u003e\", line 1, in \u003cmodule\u003e\n"}
,{"stream_name":"stderr","time":652.074174112,"data":"  File \"/usr/local/lib/python3.12/dist-packages/papermill/execute.py\", line 131, in execute_notebook\n"}
,{"stream_name":"stderr","time":652.074183929,"data":"    raise_for_execution_errors(nb, output_path)\n"}
,{"stream_name":"stderr","time":652.074189547,"data":"  File \"/usr/local/lib/python3.12/dist-packages/papermill/execute.py\", line 251, in raise_for_execution_errors\n"}
,{"stream_name":"stderr","time":652.074459972,"data":"    raise error\n"}
,{"stream_name":"stderr","time":652.074840976,"data":"papermill.exceptions.PapermillExecutionError: \n"}
,{"stream_name":"stderr","time":652.074861654,"data":"---------------------------------------------------------------------------\n"}
,{"stream_name":"stderr","time":652.074866673,"data":"Exception encountered at \"In [3]\":\n"}
,{"stream_name":"stderr","time":652.074870718,"data":"---------------------------------------------------------------------------\n"}
,{"stream_name":"stderr","time":652.074874551,"data":"RuntimeError                              Traceback (most recent call last)\n"}
,{"stream_name":"stderr","time":652.074878342,"data":"/tmp/ipykernel_16/2385762441.py in \u003ccell line: 0\u003e()\n"}
,{"stream_name":"stderr","time":652.074882461,"data":"      3 from pathlib import Path\n"}
,{"stream_name":"stderr","time":652.07488611,"data":"      4 \n"}
,{"stream_name":"stderr","time":652.074889642,"data":"----\u003e 5 payload = run()\n"}
,{"stream_name":"stderr","time":652.07489331,"data":"      6 print(json.dumps({\n"}
,{"stream_name":"stderr","time":652.074896968,"data":"      7     'gate': payload['metrics']['oracle_gate_passed'],\n"}
,{"stream_name":"stderr","time":652.07490061,"data":"\n"}
,{"stream_name":"stderr","time":652.074904093,"data":"/tmp/ipykernel_16/3884345767.py in run(search_root, output_path)\n"}
,{"stream_name":"stderr","time":652.074907788,"data":"    453         if not candidate_path.is_file():\n"}
,{"stream_name":"stderr","time":652.074911485,"data":"    454             raise RuntimeError(f\"Missing candidate export for {name}: {candidate_path}\")\n"}
,{"stream_name":"stderr","time":652.074915288,"data":"--\u003e 455         candidates, candidate_audit = _load_relevant_candidates(\n"}
,{"stream_name":"stderr","time":652.074918962,"data":"    456             candidate_path,\n"}
,{"stream_name":"stderr","time":652.074937273,"data":"    457             wanted,\n"}
,{"stream_name":"stderr","time":652.074940294,"data":"\n"}
,{"stream_name":"stderr","time":652.074942921,"data":"/tmp/ipykernel_16/3884345767.py in _load_relevant_candidates(path, wanted, final_nodes, source_nodes, scale)\n"}
,{"stream_name":"stderr","time":652.074945873,"data":"    275                 continue\n"}
,{"stream_name":"stderr","time":652.074948567,"data":"    276             if pair[0] not in source_nodes or pair[1] not in source_nodes:\n"}
,{"stream_name":"stderr","time":652.074951305,"data":"--\u003e 277                 raise RuntimeError(f\"Candidate source graph is missing retained endpoint {pair}\")\n"}
,{"stream_name":"stderr","time":652.074954217,"data":"    278             audit[\"retained_endpoint_rows\"] += 1\n"}
,{"stream_name":"stderr","time":652.074999619,"data":"    279             source = source_nodes[pair[0]]\n"}
,{"stream_name":"stderr","time":652.075002452,"data":"\n"}
,{"stream_name":"stderr","time":652.075005053,"data":"RuntimeError: Candidate source graph is missing retained endpoint (54374, 55034)\n"}
,{"stream_name":"stderr","time":652.075007928,"data":"\n"}
,{"stream_name":"stderr","time":655.17400276,"data":"/usr/local/lib/python3.12/dist-packages/mistune.py:435: SyntaxWarning: invalid escape sequence '\\|'\n"}
,{"stream_name":"stderr","time":655.174054722,"data":"  cells[i][c] = re.sub('\\\\\\\\\\|', '|', cell)\n"}
,{"stream_name":"stderr","time":655.423583203,"data":"/usr/local/lib/python3.12/dist-packages/nbconvert/filters/filter_links.py:36: SyntaxWarning: invalid escape sequence '\\_'\n"}
,{"stream_name":"stderr","time":655.423623339,"data":"  text = re.sub(r'_', '\\_', text) # Escape underscores in display text\n"}
,{"stream_name":"stderr","time":656.405030361,"data":"[NbConvertApp] Converting notebook __notebook__.ipynb to notebook\n"}
,{"stream_name":"stderr","time":656.803715671,"data":"[NbConvertApp] Writing 56091 bytes to __notebook__.ipynb\n"}
,{"stream_name":"stderr","time":660.217917094,"data":"[NbConvertApp] Converting notebook __notebook__.ipynb to html\n"}
,{"stream_name":"stderr","time":661.498654924,"data":"[NbConvertApp] Writing 451475 bytes to __results__.html\n"}
]